Component: ARM Compiler 5.06 update 3 (build 300) Tool: armlink [4d35c9]

==============================================================================

Section Cross References

    startup.o(STACK) refers (Special) to heapauxi.o(.text) for __use_two_region_memory
    startup.o(HEAP) refers (Special) to heapauxi.o(.text) for __use_two_region_memory
    startup.o(RESET) refers (Special) to heapauxi.o(.text) for __use_two_region_memory
    startup.o(RESET) refers to startup.o(STACK) for Stack_Top
    startup.o(RESET) refers to __main.o(!!!main) for __main
    startup.o(.text) refers (Special) to heapauxi.o(.text) for __use_two_region_memory
    startup.o(.text) refers to startup.o(HEAP) for Heap_Mem
    startup.o(.text) refers to startup.o(STACK) for Stack_Mem
    appl.o(i.Active_Hall_And_In_Car_Calls_Proc) refers to std_lib.o(i.Error_or_Warning_Proc) for Error_or_Warning_Proc
    appl.o(i.Active_Hall_And_In_Car_Calls_Proc) refers to uart.o(i.Print) for Print
    appl.o(i.Active_Hall_And_In_Car_Calls_Proc) refers to appl.o(.data) for appl_status_flag
    appl.o(i.Active_Hall_And_In_Car_Calls_Proc) refers to elev_fsm_part_1.o(.bss) for elevator_ctrl_and_status
    appl.o(i.Active_Hall_And_In_Car_Calls_Proc) refers to main.o(.data) for uint32_temp_disp_data
    appl.o(i.Appl_HW_Init) refers to uart.o(i.UART_Init) for UART_Init
    appl.o(i.Appl_HW_Init) refers to io_lib.o(i.Output_Dev_Init) for Output_Dev_Init
    appl.o(i.Appl_HW_Init) refers to seg7_lib.o(i.Seg7_Init) for Seg7_Init
    appl.o(i.Appl_HW_Init) refers to sw_lib.o(i.SW_Init) for SW_Init
    appl.o(i.Appl_Init) refers to std_lib.o(i.Next_Data_Conf_Parameter) for Next_Data_Conf_Parameter
    appl.o(i.Appl_Init) refers to std_lib.o(i.Error_or_Warning_Proc) for Error_or_Warning_Proc
    appl.o(i.Appl_Init) refers to sw_lib.o(i.SW_Allow_Access) for SW_Allow_Access
    appl.o(i.Appl_Init) refers to seg7_lib.o(i.Seg7_Enable) for Seg7_Enable
    appl.o(i.Appl_Init) refers to appl.o(.data) for appl_status_flag
    appl.o(i.Appl_Init) refers to main.o(.data) for system_status_flag
    appl.o(i.Appl_Proc) refers to appl.o(i.Elevator_FSM_Proc) for Elevator_FSM_Proc
    appl.o(i.Appl_Proc) refers to std_lib.o(i.Error_or_Warning_Proc) for Error_or_Warning_Proc
    appl.o(i.Appl_Proc) refers to main.o(.data) for cur_data_id
    appl.o(i.Appl_Proc) refers to appl.o(.data) for appl_status_flag
    appl.o(i.Appl_Reset) refers to appl.o(i.Appl_Reset_Proc) for Appl_Reset_Proc
    appl.o(i.Appl_Reset) refers to std_lib.o(i.Error_or_Warning_Proc) for Error_or_Warning_Proc
    appl.o(i.Appl_Reset) refers to appl.o(.data) for appl_status_flag
    appl.o(i.Appl_Reset_Proc) refers to std_lib.o(i.Error_or_Warning_Proc) for Error_or_Warning_Proc
    appl.o(i.Appl_Reset_Proc) refers to io_lib.o(i.IO_Channel_Write) for IO_Channel_Write
    appl.o(i.Appl_Reset_Proc) refers to appl.o(i.Reset_Elevator_Datas) for Reset_Elevator_Datas
    appl.o(i.Appl_Reset_Proc) refers to appl.o(.data) for appl_status_flag
    appl.o(i.Car_Movement_Direction) refers to std_lib.o(i.Error_or_Warning_Proc) for Error_or_Warning_Proc
    appl.o(i.Car_Movement_Direction) refers to appl.o(.data) for appl_status_flag
    appl.o(i.Car_Movement_Direction) refers to elev_fsm_part_1.o(.bss) for elevator_ctrl_and_status
    appl.o(i.Check_Move_Condition) refers to std_lib.o(i.Error_or_Warning_Proc) for Error_or_Warning_Proc
    appl.o(i.Check_Move_Condition) refers to sw_lib.o(i.SW_Oper) for SW_Oper
    appl.o(i.Check_Move_Condition) refers to uart.o(i.Print) for Print
    appl.o(i.Check_Move_Condition) refers to appl.o(.data) for appl_status_flag
    appl.o(i.Check_Move_Condition) refers to elev_fsm_part_1.o(.bss) for elevator_ctrl_and_status
    appl.o(i.Check_Stationary_Door_Opened_State) refers to std_lib.o(i.Error_or_Warning_Proc) for Error_or_Warning_Proc
    appl.o(i.Check_Stationary_Door_Opened_State) refers to appl.o(i.Check_Stationary_Limit_SW_Floor) for Check_Stationary_Limit_SW_Floor
    appl.o(i.Check_Stationary_Door_Opened_State) refers to sw_lib.o(i.SW_Oper) for SW_Oper
    appl.o(i.Check_Stationary_Door_Opened_State) refers to uart.o(i.Print) for Print
    appl.o(i.Check_Stationary_Door_Opened_State) refers to appl.o(.data) for appl_status_flag
    appl.o(i.Check_Stationary_Door_Opened_State) refers to elev_fsm_part_1.o(.bss) for elevator_ctrl_and_status
    appl.o(i.Check_Stationary_Limit_SW_Floor) refers to std_lib.o(i.Error_or_Warning_Proc) for Error_or_Warning_Proc
    appl.o(i.Check_Stationary_Limit_SW_Floor) refers to appl.o(i.Validate_Floor) for Validate_Floor
    appl.o(i.Check_Stationary_Limit_SW_Floor) refers to uart.o(i.Print) for Print
    appl.o(i.Check_Stationary_Limit_SW_Floor) refers to sw_lib.o(i.SW_Oper) for SW_Oper
    appl.o(i.Check_Stationary_Limit_SW_Floor) refers to appl.o(i.Internal_Error_Elevator_Proc) for Internal_Error_Elevator_Proc
[...]
    _decompress_end                          0x000001ab   Thumb Code     0  __dczerorl2.o(!!dczerorl2)
    !!handler_zi                             0x000001b0   Section       44  __scatter_zi.o(!!handler_zi)
    .ARM.Collect$$libinit$$00000000          0x000001e4   Section        2  libinit.o(.ARM.Collect$$libinit$$00000000)
    .ARM.Collect$$libinit$$00000002          0x000001e6   Section        0  libinit2.o(.ARM.Collect$$libinit$$00000002)
    .ARM.Collect$$libinit$$00000004          0x000001e6   Section        0  libinit2.o(.ARM.Collect$$libinit$$00000004)
    .ARM.Collect$$libinit$$0000000A          0x000001e6   Section        0  libinit2.o(.ARM.Collect$$libinit$$0000000A)
    .ARM.Collect$$libinit$$0000000C          0x000001e6   Section        0  libinit2.o(.ARM.Collect$$libinit$$0000000C)
    .ARM.Collect$$libinit$$0000000E          0x000001e6   Section        0  libinit2.o(.ARM.Collect$$libinit$$0000000E)
    .ARM.Collect$$libinit$$00000011          0x000001e6   Section        0  libinit2.o(.ARM.Collect$$libinit$$00000011)
    .ARM.Collect$$libinit$$00000013          0x000001e6   Section        0  libinit2.o(.ARM.Collect$$libinit$$00000013)
    .ARM.Collect$$libinit$$00000015          0x000001e6   Section        0  libinit2.o(.ARM.Collect$$libinit$$00000015)
    .ARM.Collect$$libinit$$00000017          0x000001e6   Section        0  libinit2.o(.ARM.Collect$$libinit$$00000017)
    .ARM.Collect$$libinit$$00000019          0x000001e6   Section        0  libinit2.o(.ARM.Collect$$libinit$$00000019)
    .ARM.Collect$$libinit$$0000001B          0x000001e6   Section        0  libinit2.o(.ARM.Collect$$libinit$$0000001B)
    .ARM.Collect$$libinit$$0000001D          0x000001e6   Section        0  libinit2.o(.ARM.Collect$$libinit$$0000001D)
    .ARM.Collect$$libinit$$0000001F          0x000001e6   Section        0  libinit2.o(.ARM.Collect$$libinit$$0000001F)
    .ARM.Collect$$libinit$$00000021          0x000001e6   Section        0  libinit2.o(.ARM.Collect$$libinit$$00000021)
    .ARM.Collect$$libinit$$00000023          0x000001e6   Section        0  libinit2.o(.ARM.Collect$$libinit$$00000023)
    .ARM.Collect$$libinit$$00000025          0x000001e6   Section        0  libinit2.o(.ARM.Collect$$libinit$$00000025)
    .ARM.Collect$$libinit$$0000002C          0x000001e6   Section        0  libinit2.o(.ARM.Collect$$libinit$$0000002C)
    .ARM.Collect$$libinit$$0000002E          0x000001e6   Section        0  libinit2.o(.ARM.Collect$$libinit$$0000002E)
    .ARM.Collect$$libinit$$00000030          0x000001e6   Section        0  libinit2.o(.ARM.Collect$$libinit$$00000030)
    .ARM.Collect$$libinit$$00000032          0x000001e6   Section        0  libinit2.o(.ARM.Collect$$libinit$$00000032)
    .ARM.Collect$$libinit$$00000033          0x000001e6   Section       12  libinit2.o(.ARM.Collect$$libinit$$00000033)
    .ARM.Collect$$libshutdown$$00000000      0x000001fc   Section        4  libshutdown.o(.ARM.Collect$$libshutdown$$00000000)
    .ARM.Collect$$libshutdown$$00000002      0x00000200   Section        0  libshutdown2.o(.ARM.Collect$$libshutdown$$00000002)
    .ARM.Collect$$libshutdown$$00000004      0x00000200   Section        0  libshutdown2.o(.ARM.Collect$$libshutdown$$00000004)
    .ARM.Collect$$libshutdown$$00000007      0x00000200   Section        0  libshutdown2.o(.ARM.Collect$$libshutdown$$00000007)
    .ARM.Collect$$libshutdown$$0000000A      0x00000200   Section        0  libshutdown2.o(.ARM.Collect$$libshutdown$$0000000A)
    .ARM.Collect$$libshutdown$$0000000C      0x00000200   Section        0  libshutdown2.o(.ARM.Collect$$libshutdown$$0000000C)
    .ARM.Collect$$libshutdown$$0000000F      0x00000200   Section        0  libshutdown2.o(.ARM.Collect$$libshutdown$$0000000F)
    .ARM.Collect$$libshutdown$$00000010      0x00000200   Section        6  libshutdown2.o(.ARM.Collect$$libshutdown$$00000010)
    .ARM.Collect$$rtentry$$00000000          0x00000208   Section        0  __rtentry.o(.ARM.Collect$$rtentry$$00000000)
    .ARM.Collect$$rtentry$$00000002          0x00000208   Section        0  __rtentry2.o(.ARM.Collect$$rtentry$$00000002)
    .ARM.Collect$$rtentry$$00000004          0x00000208   Section        8  __rtentry4.o(.ARM.Collect$$rtentry$$00000004)
    .ARM.Collect$$rtentry$$00000009          0x00000210   Section        0  __rtentry2.o(.ARM.Collect$$rtentry$$00000009)
    .ARM.Collect$$rtentry$$0000000A          0x00000210   Section        4  __rtentry2.o(.ARM.Collect$$rtentry$$0000000A)
    .ARM.Collect$$rtentry$$0000000C          0x00000214   Section        0  __rtentry2.o(.ARM.Collect$$rtentry$$0000000C)
    .ARM.Collect$$rtentry$$0000000D          0x00000214   Section       40  __rtentry2.o(.ARM.Collect$$rtentry$$0000000D)
    .ARM.Collect$$rtexit$$00000000           0x00000240   Section        4  rtexit.o(.ARM.Collect$$rtexit$$00000000)
    .ARM.Collect$$rtexit$$00000002           0x00000244   Section        0  rtexit2.o(.ARM.Collect$$rtexit$$00000002)
    .ARM.Collect$$rtexit$$00000003           0x00000244   Section        4  rtexit2.o(.ARM.Collect$$rtexit$$00000003)
    .ARM.Collect$$rtexit$$00000004           0x00000248   Section        8  rtexit2.o(.ARM.Collect$$rtexit$$00000004)
    .text                                    0x00000250   Section       32  startup.o(.text)
    .text                                    0x00000278   Section        0  strcpy.o(.text)
    .text                                    0x000002c8   Section      212  rt_memcpy.o(.text)
    .text                                    0x0000039c   Section      100  rt_memcpy_w.o(.text)
    .text                                    0x00000400   Section       64  rt_memclr.o(.text)
    .text                                    0x00000440   Section       84  rt_memclr_w.o(.text)
    .text                                    0x00000494   Section      384  aeabi_sdiv.o(.text)
    __arm_div8                               0x000004c0   ARM Code       0  aeabi_sdiv.o(.text)
    __arm_div5                               0x000004e4   ARM Code       0  aeabi_sdiv.o(.text)
    __arm_div2                               0x00000508   ARM Code       0  aeabi_sdiv.o(.text)
    __arm_div_large                          0x00000544   ARM Code       0  aeabi_sdiv.o(.text)
    .text                                    0x00000614   Section        0  heapauxi.o(.text)
    .text                                    0x0000061c   Section       96  sys_stackheap_outer.o(.text)
    .text                                    0x0000067c   Section        0  exit.o(.text)
    .text                                    0x00000690   Section       12  libspace.o(.text)
    .text                                    0x000006a4   Section        0  sys_exit.o(.text)
    .text                                    0x000006b0   Section        4  use_no_semi.o(.text)
    .text                                    0x000006b4   Section        0  indicate_semi.o(.text)
    .text_udiv                               0x000006b4   Section       36  aeabi_sdiv.o(.text_udiv)
    i.Active_Hall_And_In_Car_Calls_Proc      0x000006d8   Section        0  appl.o(i.Active_Hall_And_In_Car_Calls_Proc)
    i.Appl_Data_Retrieve_Para                0x00000c94   Section        0  std_lib.o(i.Appl_Data_Retrieve_Para)
    i.Appl_HW_Init                           0x0000103c   Section        0  appl.o(i.Appl_HW_Init)
    i.Appl_Init                              0x0000117c   Section        0  appl.o(i.Appl_Init)
    i.Appl_Proc                              0x00001288   Section        0  appl.o(i.Appl_Proc)
    i.Appl_Reset                             0x00001340   Section        0  appl.o(i.Appl_Reset)
    i.Appl_Reset_Proc                        0x000013c0   Section        0  appl.o(i.Appl_Reset_Proc)
    i.Car_Movement_Direction                 0x000014b4   Section        0  appl.o(i.Car_Movement_Direction)
    i.Check_GPIO_Func                        0x00001674   Section        0  io_lib.o(i.Check_GPIO_Func)
    i.Check_Move_Condition                   0x00001a04   Section        0  appl.o(i.Check_Move_Condition)
    i.Check_Stationary_Door_Opened_State     0x00001fac   Section        0  appl.o(i.Check_Stationary_Door_Opened_State)
    i.Check_Stationary_Limit_SW_Floor        0x00002588   Section        0  appl.o(i.Check_Stationary_Limit_SW_Floor)
    i.Comm_Error_Proc                        0x00002b74   Section        0  std_lib.o(i.Comm_Error_Proc)
    Comm_Error_Proc                          0x00002b74   ARM Code     744  std_lib.o(i.Comm_Error_Proc)
    i.Compute_Floor_Stop_Datas               0x00002e5c   Section        0  appl.o(i.Compute_Floor_Stop_Datas)
    i.Config_Consucc_Bits                    0x00003e04   Section        0  std_lib.o(i.Config_Consucc_Bits)
    i.Config_GPIO_Func_Set                   0x00003f4c   Section        0  io_lib.o(i.Config_GPIO_Func_Set)
    Config_GPIO_Func_Set                     0x00003f4c   ARM Code    1228  io_lib.o(i.Config_GPIO_Func_Set)
    i.Config_Port_Pin_Range_Validate         0x00004430   Section        0  io_lib.o(i.Config_Port_Pin_Range_Validate)
    i.Config_Port_Pin_Validate               0x00004598   Section        0  io_lib.o(i.Config_Port_Pin_Validate)
    Config_Port_Pin_Validate                 0x00004598   ARM Code     220  io_lib.o(i.Config_Port_Pin_Validate)
    i.Cur_Data_ID_Dev_Src_Basic_Oper_Func    0x00004694   Section        0  dev_oper.o(i.Cur_Data_ID_Dev_Src_Basic_Oper_Func)
    Cur_Data_ID_Dev_Src_Basic_Oper_Func      0x00004694   ARM Code    2348  dev_oper.o(i.Cur_Data_ID_Dev_Src_Basic_Oper_Func)
    i.Cur_Data_ID_Devs_Src_Basic_Oper_Func   0x00004fc0   Section        0  dev_oper.o(i.Cur_Data_ID_Devs_Src_Basic_Oper_Func)
    i.Cur_Data_ID_Write_Oper_Func            0x000054a0   Section        0  dev_oper.o(i.Cur_Data_ID_Write_Oper_Func)
    i.Data_Dev_Src_Access_Oper_Func          0x00005954   Section        0  dev_oper.o(i.Data_Dev_Src_Access_Oper_Func)
    i.Data_ID_Set_Para                       0x00005d14   Section        0  std_lib.o(i.Data_ID_Set_Para)
    i.Data_IDs_Set_Para                      0x00005e58   Section        0  std_lib.o(i.Data_IDs_Set_Para)
    i.Debug_IO_Func_Set_Validate             0x00005f20   Section        0  io_lib.o(i.Debug_IO_Func_Set_Validate)
    Debug_IO_Func_Set_Validate               0x00005f20   ARM Code     120  io_lib.o(i.Debug_IO_Func_Set_Validate)
    i.Delay_MS                               0x00005fa8   Section        0  std_lib.o(i.Delay_MS)
    i.Delete_Src_Interrupt_Data_Arr_By_Src   0x00005fec   Section        0  isr.o(i.Delete_Src_Interrupt_Data_Arr_By_Src)
    i.Disable_All_SWs                        0x000060c0   Section        0  sw_lib.o(i.Disable_All_SWs)
    i.Disable_All_Seg7s                      0x000060f4   Section        0  seg7_lib.o(i.Disable_All_Seg7s)
    i.Disable_All_UARTs                      0x00006128   Section        0  uart.o(i.Disable_All_UARTs)
    i.Disable_Ext_Interrupt                  0x00006168   Section        0  isr.o(i.Disable_Ext_Interrupt)
    i.Disable_Interrupt_Src                  0x00006510   Section        0  isr.o(i.Disable_Interrupt_Src)
    i.Disp_Elevator_Status                   0x00006800   Section        0  appl.o(i.Disp_Elevator_Status)
    i.Elevator_FSM_Proc                      0x00006ac4   Section        0  appl.o(i.Elevator_FSM_Proc)
    i.Enable_Ext_Interrupt                   0x00006c38   Section        0  isr.o(i.Enable_Ext_Interrupt)
    i.Enable_Interrupt_Src                   0x0000712c   Section        0  isr.o(i.Enable_Interrupt_Src)
    i.Error_Or_Warning_UART_Proc             0x000075fc   Section        0  uart.o(i.Error_Or_Warning_UART_Proc)
    i.Error_or_Warning_Proc                  0x00007640   Section        0  std_lib.o(i.Error_or_Warning_Proc)
    i.Ext_Interrupt_0_Proc                   0x000076d4   Section        0  appl.o(i.Ext_Interrupt_0_Proc)
    i.Ext_Interrupt_1_Proc                   0x000076dc   Section        0  appl.o(i.Ext_Interrupt_1_Proc)
    i.Ext_Interrupt_2_Proc                   0x000076e4   Section        0  appl.o(i.Ext_Interrupt_2_Proc)
    i.Ext_Interrupt_3_Proc                   0x000076ec   Section        0  appl.o(i.Ext_Interrupt_3_Proc)
    i.Ext_Interrupt_Retrieve_Data_Arr        0x000077d4   Section        0  isr.o(i.Ext_Interrupt_Retrieve_Data_Arr)
    i.FSM_Abnormal_Event_Proc                0x00007a14   Section        0  elev_fsm_part_5.o(i.FSM_Abnormal_Event_Proc)
    i.FSM_Car_Moving_Proc                    0x00007f3c   Section        0  elev_fsm_part_2.o(i.FSM_Car_Moving_Proc)
    i.FSM_Compute_Next_Stop_Floor_Proc       0x0000a668   Section        0  elev_fsm_part_5.o(i.FSM_Compute_Next_Stop_Floor_Proc)
    i.FSM_Decide_Car_Move_Proc               0x0000a924   Section        0  elev_fsm_part_1.o(i.FSM_Decide_Car_Move_Proc)
    i.FSM_Idle_Proc                          0x0000ac2c   Section        0  elev_fsm_part_1.o(i.FSM_Idle_Proc)
    i.FSM_Prepare_Door_Close_Proc            0x0000ad88   Section        0  elev_fsm_part_4.o(i.FSM_Prepare_Door_Close_Proc)
    i.FSM_Prepare_Doors_To_Align_Proc        0x0000b594   Section        0  elev_fsm_part_3.o(i.FSM_Prepare_Doors_To_Align_Proc)
    i.FSM_Prepare_To_Move_Proc               0x0000b814   Section        0  elev_fsm_part_1.o(i.FSM_Prepare_To_Move_Proc)
    i.FSM_Prepare_User_Entry_And_Exit_Proc   0x0000bb4c   Section        0  elev_fsm_part_3.o(i.FSM_Prepare_User_Entry_And_Exit_Proc)
    i.FSM_StartUp_Proc                       0x0000c4d0   Section        0  elev_fsm_part_1.o(i.FSM_StartUp_Proc)
    i.FSM_Trigger_Car_Stop_Proc              0x0000d7fc   Section        0  elev_fsm_part_2.o(i.FSM_Trigger_Car_Stop_Proc)
    i.FSM_Trigger_Door_Close_Proc            0x0000da6c   Section        0  elev_fsm_part_4.o(i.FSM_Trigger_Door_Close_Proc)
    i.FSM_Trigger_Door_Open_Proc             0x0000dfbc   Section        0  elev_fsm_part_3.o(i.FSM_Trigger_Door_Open_Proc)
    i.FSM_Trigger_Move_Down_Proc             0x0000e558   Section        0  elev_fsm_part_1.o(i.FSM_Trigger_Move_Down_Proc)
    i.FSM_Trigger_Move_Up_Proc               0x0000e79c   Section        0  elev_fsm_part_1.o(i.FSM_Trigger_Move_Up_Proc)
    i.FSM_User_Entry_And_Exit_Proc           0x0000e9e0   Section        0  elev_fsm_part_3.o(i.FSM_User_Entry_And_Exit_Proc)
    i.FSM_Wait_For_Door_Close_To_Start_Open_Proc 0x0000f034   Section        0  elev_fsm_part_5.o(i.FSM_Wait_For_Door_Close_To_Start_Open_Proc)
    i.FSM_Wait_Till_Car_Stopped_Proc         0x0000f3fc   Section        0  elev_fsm_part_2.o(i.FSM_Wait_Till_Car_Stopped_Proc)
    i.FSM_Wait_Till_Door_Closed_Proc         0x0000f71c   Section        0  elev_fsm_part_4.o(i.FSM_Wait_Till_Door_Closed_Proc)
    i.FSM_Wait_Till_Door_Opened_Proc         0x000106e4   Section        0  elev_fsm_part_3.o(i.FSM_Wait_Till_Door_Opened_Proc)
    i.FSM_Wait_Till_Door_Start_Close_Proc    0x00010f24   Section        0  elev_fsm_part_4.o(i.FSM_Wait_Till_Door_Start_Close_Proc)
    i.FSM_Wait_Till_Door_Start_Open_Proc     0x00011bb8   Section        0  elev_fsm_part_3.o(i.FSM_Wait_Till_Door_Start_Open_Proc)
    i.FSM_Wait_Till_Doors_Aligned_Proc       0x00012400   Section        0  elev_fsm_part_3.o(i.FSM_Wait_Till_Doors_Aligned_Proc)
    i.FSM_Wait_Till_Doors_Unaligned_Proc     0x00012bf4   Section        0  elev_fsm_part_5.o(i.FSM_Wait_Till_Doors_Unaligned_Proc)
    i.FSM_Wait_Till_Start_Oper_Proc          0x000133d4   Section        0  elev_fsm_part_1.o(i.FSM_Wait_Till_Start_Oper_Proc)
    i.GPIO_Func_Set                          0x0001397c   Section        0  io_lib.o(i.GPIO_Func_Set)
    GPIO_Func_Set                            0x0001397c   ARM Code     652  io_lib.o(i.GPIO_Func_Set)
    i.HW_Init                                0x00013c28   Section        0  main.o(i.HW_Init)
    HW_Init                                  0x00013c28   ARM Code      92  main.o(i.HW_Init)
    i.IO_Ch_Func_Reset                       0x00013c94   Section        0  io_lib.o(i.IO_Ch_Func_Reset)
    i.IO_Ch_To_SW_Ch                         0x00013f80   Section        0  sw_lib.o(i.IO_Ch_To_SW_Ch)
    i.IO_Ch_Validate                         0x000140a4   Section        0  io_lib.o(i.IO_Ch_Validate)
    i.IO_Channel_Read                        0x000142f8   Section        0  io_lib.o(i.IO_Channel_Read)
    i.IO_Channel_Write                       0x000143cc   Section        0  io_lib.o(i.IO_Channel_Write)
    i.IO_Channels_Func_Set                   0x0001459c   Section        0  io_lib.o(i.IO_Channels_Func_Set)
    i.ISR_Ext_Interrupt_0                    0x000149c4   Section        0  isr.o(i.ISR_Ext_Interrupt_0)
    i.ISR_Ext_Interrupt_1                    0x00014ae4   Section        0  isr.o(i.ISR_Ext_Interrupt_1)
    i.ISR_Ext_Interrupt_2                    0x00014c04   Section        0  isr.o(i.ISR_Ext_Interrupt_2)
    i.ISR_Ext_Interrupt_3                    0x00014d24   Section        0  isr.o(i.ISR_Ext_Interrupt_3)
    i.ISR_Timer_0                            0x00014e44   Section        0  timer.o(i.ISR_Timer_0)
    i.ISR_Timer_1                            0x00014f20   Section        0  timer.o(i.ISR_Timer_1)
    i.Internal_Error_Elevator_Proc           0x00015120   Section        0  appl.o(i.Internal_Error_Elevator_Proc)
    i.Next_Data_Conf_Parameter               0x00015340   Section        0  std_lib.o(i.Next_Data_Conf_Parameter)
    i.Non_GPIO_Func_Set                      0x00015424   Section        0  io_lib.o(i.Non_GPIO_Func_Set)
    i.Num_Convert                            0x0001555c   Section        0  std_lib.o(i.Num_Convert)
    i.Output_Dev_Init                        0x000155fc   Section        0  io_lib.o(i.Output_Dev_Init)
    i.PLL_Init                               0x000156b4   Section        0  main.o(i.PLL_Init)
    PLL_Init                                 0x000156b4   ARM Code     100  main.o(i.PLL_Init)
    i.Poll_Hall_And_In_Car_Floor_Calls_Proc  0x0001571c   Section        0  appl.o(i.Poll_Hall_And_In_Car_Floor_Calls_Proc)
    i.Port_Write                             0x00015abc   Section        0  io_lib.o(i.Port_Write)
    i.Power_Of                               0x00015c80   Section        0  std_lib.o(i.Power_Of)
    i.Print                                  0x00015cbc   Section        0  uart.o(i.Print)
    i.Put_Char                               0x00015f60   Section        0  uart.o(i.Put_Char)
    i.Put_Str                                0x0001600c   Section        0  uart.o(i.Put_Str)
    i.Reset_Data_ID_Status                   0x000161a0   Section        0  std_lib.o(i.Reset_Data_ID_Status)
    i.Reset_Data_IDs_Status                  0x000162f0   Section        0  std_lib.o(i.Reset_Data_IDs_Status)
    i.Reset_Elevator_Datas                   0x00016314   Section        0  appl.o(i.Reset_Elevator_Datas)
    i.Reset_IO_Chs                           0x00016464   Section        0  io_lib.o(i.Reset_IO_Chs)
    i.Reset_Ports                            0x00016478   Section        0  io_lib.o(i.Reset_Ports)
    i.Reset_Process                          0x000164f0   Section        0  main.o(i.Reset_Process)
    i.Reset_SW_Ch                            0x000165a4   Section        0  sw_lib.o(i.Reset_SW_Ch)
    i.Reset_SW_Chs                           0x0001666c   Section        0  sw_lib.o(i.Reset_SW_Chs)
    i.Reset_Src_Interrupt_Data_Arr           0x000166b4   Section        0  isr.o(i.Reset_Src_Interrupt_Data_Arr)
    i.SW_Allow_Access                        0x00016790   Section        0  sw_lib.o(i.SW_Allow_Access)
    i.SW_Ch_ID_Check_And_Alloc               0x00016810   Section        0  sw_lib.o(i.SW_Ch_ID_Check_And_Alloc)
    i.SW_Ch_UnConfig_By_IO_Ch                0x00016b30   Section        0  sw_lib.o(i.SW_Ch_UnConfig_By_IO_Ch)
    i.SW_Ch_Validate                         0x00016bc4   Section        0  sw_lib.o(i.SW_Ch_Validate)
    SW_Ch_Validate                           0x00016bc4   ARM Code     168  sw_lib.o(i.SW_Ch_Validate)
    i.SW_DeInit                              0x00016c8c   Section        0  sw_lib.o(i.SW_DeInit)
    i.SW_Disable                             0x00016da8   Section        0  sw_lib.o(i.SW_Disable)
    i.SW_Enable                              0x00016e28   Section        0  sw_lib.o(i.SW_Enable)
    i.SW_Init                                0x00016ea8   Section        0  sw_lib.o(i.SW_Init)
    i.SW_No_Access                           0x000170c4   Section        0  sw_lib.o(i.SW_No_Access)
    i.SW_Oper                                0x00017140   Section        0  sw_lib.o(i.SW_Oper)
    i.SW_Para_Init                           0x00017494   Section        0  sw_lib.o(i.SW_Para_Init)
    i.SW_Present_State_By_IO_Ch              0x000175bc   Section        0  sw_lib.o(i.SW_Present_State_By_IO_Ch)
    i.SW_Press_Proc                          0x0001775c   Section        0  sw_lib.o(i.SW_Press_Proc)
    i.SW_Read                                0x00017c14   Section        0  sw_lib.o(i.SW_Read)
    i.SW_Time_Delay                          0x00017d38   Section        0  std_lib.o(i.SW_Time_Delay)
    i.Search_Src_Interrupt_Data_Arr_By_Src   0x00017d64   Section        0  isr.o(i.Search_Src_Interrupt_Data_Arr_By_Src)
    i.Search_Src_Interrupt_Data_Arr_Free_Index 0x00017e28   Section        0  isr.o(i.Search_Src_Interrupt_Data_Arr_Free_Index)
    i.Seg7_Allow_Access                      0x00017ed0   Section        0  seg7_lib.o(i.Seg7_Allow_Access)
    i.Seg7_DeInit                            0x00017f20   Section        0  seg7_lib.o(i.Seg7_DeInit)
    i.Seg7_Disable                           0x000180a8   Section        0  seg7_lib.o(i.Seg7_Disable)
    i.Seg7_Enable                            0x000180f8   Section        0  seg7_lib.o(i.Seg7_Enable)
    i.Seg7_Init                              0x00018148   Section        0  seg7_lib.o(i.Seg7_Init)
    i.Seg7_No_Access                         0x00018334   Section        0  seg7_lib.o(i.Seg7_No_Access)
    i.Seg7_Write                             0x00018394   Section        0  seg7_lib.o(i.Seg7_Write)
    i.Set_Status_Reset_Data_IDs              0x00019050   Section        0  std_lib.o(i.Set_Status_Reset_Data_IDs)
    i.Str_Len                                0x000190cc   Section        0  std_lib.o(i.Str_Len)
    i.Str_to_Num_Conv                        0x0001913c   Section        0  std_lib.o(i.Str_to_Num_Conv)
    i.Stream_Flush                           0x000192fc   Section        0  std_lib.o(i.Stream_Flush)
    i.System_Init                            0x00019364   Section        0  main.o(i.System_Init)
    System_Init                              0x00019364   ARM Code     132  main.o(i.System_Init)
    i.Test_Consucc_Bits                      0x000193ec   Section        0  std_lib.o(i.Test_Consucc_Bits)
    i.Timer_0_Timeout_Proc                   0x000195a4   Section        0  appl.o(i.Timer_0_Timeout_Proc)
    i.Timer_1_Timeout_Proc                   0x000196f0   Section        0  appl.o(i.Timer_1_Timeout_Proc)
    i.Timer_Interrupt_Retrieve_Data_Arr      0x0001983c   Section        0  timer.o(i.Timer_Interrupt_Retrieve_Data_Arr)
    i.Timer_Pause                            0x00019b34   Section        0  timer.o(i.Timer_Pause)
    i.Timer_Resume                           0x00019d94   Section        0  timer.o(i.Timer_Resume)
    i.Timer_Run                              0x0001a0b8   Section        0  timer.o(i.Timer_Run)
    i.Timer_Stop                             0x0001a8e8   Section        0  timer.o(i.Timer_Stop)
    i.Trace_IO_Func_Set_Validate             0x0001ab44   Section        0  io_lib.o(i.Trace_IO_Func_Set_Validate)
    Trace_IO_Func_Set_Validate               0x0001ab44   ARM Code     120  io_lib.o(i.Trace_IO_Func_Set_Validate)
    i.UART_Allow_Access                      0x0001abcc   Section        0  uart.o(i.UART_Allow_Access)
    i.UART_DeInit                            0x0001ac3c   Section        0  uart.o(i.UART_DeInit)
    i.UART_Disable                           0x0001ae48   Section        0  uart.o(i.UART_Disable)
    i.UART_Enable                            0x0001aeb8   Section        0  uart.o(i.UART_Enable)
    i.UART_Init                              0x0001af28   Section        0  uart.o(i.UART_Init)
    i.UART_No_Access                         0x0001b228   Section        0  uart.o(i.UART_No_Access)
    i.UART_Receive_Char                      0x0001b2a0   Section        0  uart.o(i.UART_Receive_Char)
    i.UART_Receive_Enable_Ctrl               0x0001b5e8   Section        0  uart.o(i.UART_Receive_Enable_Ctrl)
    i.UART_Reset_Status                      0x0001b698   Section        0  uart.o(i.UART_Reset_Status)
    i.UART_Transmit                          0x0001b7d0   Section        0  uart.o(i.UART_Transmit)
    i.UART_Transmit_Char                     0x0001bc50   Section        0  uart.o(i.UART_Transmit_Char)
    i.UART_Transmit_Enable_Ctrl              0x0001bd6c   Section        0  uart.o(i.UART_Transmit_Enable_Ctrl)
    i.UART_Transmit_Num                      0x0001be28   Section        0  uart.o(i.UART_Transmit_Num)
    i.UART_Transmit_Str                      0x0001c36c   Section        0  uart.o(i.UART_Transmit_Str)
    i.Validate_Floor                         0x0001c464   Section        0  appl.o(i.Validate_Floor)
    i.main                                   0x0001c4cc   Section        0  main.o(i.main)
    .constdata                               0x0001c51c   Section        2  dev_oper.o(.constdata)
    .constdata                               0x0001c520   Section       44  io_lib.o(.constdata)
    io_port_func_ptr                         0x0001c520   Data          12  io_lib.o(.constdata)
    io_port_dir_ptr                          0x0001c52c   Data           8  io_lib.o(.constdata)
    .constdata                               0x0001c54c   Section       20  main.o(.constdata)
    .constdata                               0x0001c560   Section       80  timer.o(.constdata)
    tmr_ctcr_ptr                             0x0001c560   Data           8  timer.o(.constdata)
    tmr_pr_ptr                               0x0001c568   Data           8  timer.o(.constdata)
    tmr_tcr_ptr                              0x0001c570   Data           8  timer.o(.constdata)
    tmr_tc_ptr                               0x0001c578   Data           8  timer.o(.constdata)
    tmr0_mr_ptr                              0x0001c580   Data          16  timer.o(.constdata)
    tmr1_mr_ptr                              0x0001c590   Data          16  timer.o(.constdata)
    tmr_ir_ptr                               0x0001c5a8   Data           8  timer.o(.constdata)
    .constdata                               0x0001c5b0   Section       56  uart.o(.constdata)
    uart_lcr_ptr                             0x0001c5b0   Data           8  uart.o(.constdata)
    uart_dll_ptr                             0x0001c5b8   Data           8  uart.o(.constdata)
    uart_dlm_ptr                             0x0001c5c0   Data           8  uart.o(.constdata)
    uart_fcr_ptr                             0x0001c5c8   Data           8  uart.o(.constdata)
    uart_lsr_ptr                             0x0001c5d0   Data           8  uart.o(.constdata)
    uart_rbr_ptr                             0x0001c5d8   Data           8  uart.o(.constdata)
    uart_thr_ptr                             0x0001c5e0   Data           8  uart.o(.constdata)
    .conststring                             0x0001c5e8   Section       66  elev_fsm_part_3.o(.conststring)
    .data                                    0x40000000   Section        6  appl.o(.data)
    cur_floor                                0x40000004   Data           1  appl.o(.data)
    cur_floor                                0x40000005   Data           1  appl.o(.data)
    .data                                    0x40000008   Section      552  dev_oper.o(.data)
    .data                                    0x40000230   Section      128  elev_fsm_part_1.o(.data)
    .data                                    0x400002b0   Section       16  elev_fsm_part_2.o(.data)
    limit_sw_cur_floor                       0x400002b0   Data           1  elev_fsm_part_2.o(.data)
    previous_floor                           0x400002b1   Data           1  elev_fsm_part_2.o(.data)
    proc_bit_field                           0x400002b2   Data           1  elev_fsm_part_2.o(.data)
    limit_sw_up_cur_floor                    0x400002b3   Data           1  elev_fsm_part_2.o(.data)
    limit_sw_down_cur_floor                  0x400002b4   Data           1  elev_fsm_part_2.o(.data)
    limit_sw_move_cur_floor                  0x400002b5   Data           1  elev_fsm_part_2.o(.data)
    pressed_limit_sw_floor                   0x400002b6   Data           1  elev_fsm_part_2.o(.data)
    limit_sw_arr_ptr                         0x400002b8   Data           4  elev_fsm_part_2.o(.data)
    pressed_limit_sw_arr_ptr                 0x400002bc   Data           4  elev_fsm_part_2.o(.data)
    .data                                    0x400002c0   Section        1  elev_fsm_part_3.o(.data)
    loop_flag                                0x400002c0   Data           1  elev_fsm_part_3.o(.data)
    .data                                    0x400002c1   Section        4  elev_fsm_part_4.o(.data)
    loop_flag                                0x400002c1   Data           1  elev_fsm_part_4.o(.data)
    loop_flag                                0x400002c2   Data           1  elev_fsm_part_4.o(.data)
    loop_flag                                0x400002c3   Data           1  elev_fsm_part_4.o(.data)
    loop_flag                                0x400002c4   Data           1  elev_fsm_part_4.o(.data)
    .data                                    0x400002c8   Section       16  io_lib.o(.data)
    config_port_pin                          0x400002c8   Data           8  io_lib.o(.data)
    .data                                    0x400002d8   Section       24  isr.o(.data)
    .data                                    0x400002f0   Section      405  main.o(.data)
    .data                                    0x40000485   Section        2  std_lib.o(.data)
    prev_data_id                             0x40000486   Data           1  std_lib.o(.data)
    .data                                    0x40000488   Section       28  timer.o(.data)
    timer_mr_ptr                             0x40000488   Data           8  timer.o(.data)
    .data                                    0x400004a4   Section        1  sw_lib.o(.data)
    .bss                                     0x400004a8   Section       48  dev_oper.o(.bss)
    .bss                                     0x400004d8   Section       21  elev_fsm_part_1.o(.bss)
    .bss                                     0x400004f0   Section       80  isr.o(.bss)
    .bss                                     0x40000540   Section       24  main.o(.bss)
    .bss                                     0x40000558   Section       15  std_lib.o(.bss)
    buffer                                   0x40000558   Data          15  std_lib.o(.bss)
    .bss                                     0x40000567   Section       44  uart.o(.bss)
    .bss                                     0x40000594   Section       96  libspace.o(.bss)
    HEAP                                     0x400005f8   Section        0  startup.o(HEAP)
    STACK                                    0x400005f8   Section     1160  startup.o(STACK)
    Heap_Mem                                 0x400005f8   Data           0  startup.o(HEAP)
    Stack_Mem                                0x400005f8   Data        1024  startup.o(STACK)
    Stack_Top                                0x40000a80   Data           0  startup.o(STACK)

    Global Symbols

    Symbol Name                              Value     Ov Type        Size  Object(Section)

    BuildAttributes$$THM_ISAv1$ARM_ISAv4$S$PE$A:L22$X:L11$S22$IEEE1$IW$USESV6$~STKCKD$USESV7$~SHL$OSPACE$ROPI$EBA8$UX$STANDARDLIB$REQ8$PRES8$EABIv2 0x00000000   Number         0  anon$$obj.o ABSOLUTE
    __ARM_use_no_argv                        0x00000000   Number         0  main.o ABSOLUTE
    __ARM_exceptions_init                     - Undefined Weak Reference
    __alloca_initialize                       - Undefined Weak Reference
    __arm_preinit_                            - Undefined Weak Reference
    __cpp_initialize__aeabi_                  - Undefined Weak Reference
    __cxa_finalize                            - Undefined Weak Reference
    __rt_locale                               - Undefined Weak Reference
    __sigvec_lookup                           - Undefined Weak Reference
    _atexit_init                              - Undefined Weak Reference
    _call_atexit_fns                          - Undefined Weak Reference
    _clock_init                               - Undefined Weak Reference
    _fp_trap_init                             - Undefined Weak Reference
    _fp_trap_shutdown                         - Undefined Weak Reference
    _get_lc_collate                           - Undefined Weak Reference
    _get_lc_ctype                             - Undefined Weak Reference
    _get_lc_monetary                          - Undefined Weak Reference
    _get_lc_numeric                           - Undefined Weak Reference
    _get_lc_time                              - Undefined Weak Reference
    _getenv_init                              - Undefined Weak Reference
    _handle_redirection                       - Undefined Weak Reference
    _init_alloc                               - Undefined Weak Reference
    _init_user_alloc                          - Undefined Weak Reference
    _initio                                   - Undefined Weak Reference
    _rand_init                                - Undefined Weak Reference
    _signal_finish                            - Undefined Weak Reference
    _signal_init                              - Undefined Weak Reference
    _terminate_alloc                          - Undefined Weak Reference
    _terminate_user_alloc                     - Undefined Weak Reference
    _terminateio                              - Undefined Weak Reference
    Reset_Handler                            0x00000058   ARM Code       0  startup.o(RESET)
    __main                                   0x00000110   ARM Code       8  __main.o(!!!main)
    __scatterload                            0x00000118   ARM Code       0  __scatter.o(!!!scatter)
    __scatterload_rt2                        0x00000118   ARM Code      52  __scatter.o(!!!scatter)
    __scatterload_null                       0x0000012c   ARM Code       0  __scatter.o(!!!scatter)
    __decompress                             0x00000154   ARM Code      92  __dczerorl2.o(!!dczerorl2)
    __decompress1                            0x00000154   ARM Code       0  __dczerorl2.o(!!dczerorl2)
    __scatterload_zeroinit                   0x000001b0   ARM Code      44  __scatter_zi.o(!!handler_zi)
    Inline ARM to Thumb Veneer to __rt_lib_init 0x000001dc   ARM Code       8  libinit.o(.ARM.Collect$$libinit$$00000000)
    __rt_lib_init                            0x000001e5   Thumb Code     0  libinit.o(.ARM.Collect$$libinit$$00000000)
    __rt_lib_init_alloca_1                   0x000001e7   Thumb Code     0  libinit2.o(.ARM.Collect$$libinit$$0000002E)
    __rt_lib_init_argv_1                     0x000001e7   Thumb Code     0  libinit2.o(.ARM.Collect$$libinit$$0000002C)
    __rt_lib_init_atexit_1                   0x000001e7   Thumb Code     0  libinit2.o(.ARM.Collect$$libinit$$0000001B)
    __rt_lib_init_clock_1                    0x000001e7   Thumb Code     0  libinit2.o(.ARM.Collect$$libinit$$00000021)
    __rt_lib_init_cpp_1                      0x000001e7   Thumb Code     0  libinit2.o(.ARM.Collect$$libinit$$00000032)
    __rt_lib_init_exceptions_1               0x000001e7   Thumb Code     0  libinit2.o(.ARM.Collect$$libinit$$00000030)
    __rt_lib_init_fp_1                       0x000001e7   Thumb Code     0  libinit2.o(.ARM.Collect$$libinit$$00000002)
    __rt_lib_init_fp_trap_1                  0x000001e7   Thumb Code     0  libinit2.o(.ARM.Collect$$libinit$$0000001F)
    __rt_lib_init_getenv_1                   0x000001e7   Thumb Code     0  libinit2.o(.ARM.Collect$$libinit$$00000023)
    __rt_lib_init_heap_1                     0x000001e7   Thumb Code     0  libinit2.o(.ARM.Collect$$libinit$$0000000A)
    __rt_lib_init_lc_collate_1               0x000001e7   Thumb Code     0  libinit2.o(.ARM.Collect$$libinit$$00000011)
    __rt_lib_init_lc_ctype_1                 0x000001e7   Thumb Code     0  libinit2.o(.ARM.Collect$$libinit$$00000013)
    __rt_lib_init_lc_monetary_1              0x000001e7   Thumb Code     0  libinit2.o(.ARM.Collect$$libinit$$00000015)
    __rt_lib_init_lc_numeric_1               0x000001e7   Thumb Code     0  libinit2.o(.ARM.Collect$$libinit$$00000017)
    __rt_lib_init_lc_time_1                  0x000001e7   Thumb Code     0  libinit2.o(.ARM.Collect$$libinit$$00000019)
    __rt_lib_init_preinit_1                  0x000001e7   Thumb Code     0  libinit2.o(.ARM.Collect$$libinit$$00000004)
    __rt_lib_init_rand_1                     0x000001e7   Thumb Code     0  libinit2.o(.ARM.Collect$$libinit$$0000000E)
    __rt_lib_init_return                     0x000001e7   Thumb Code     0  libinit2.o(.ARM.Collect$$libinit$$00000033)
    __rt_lib_init_signal_1                   0x000001e7   Thumb Code     0  libinit2.o(.ARM.Collect$$libinit$$0000001D)
    __rt_lib_init_stdio_1                    0x000001e7   Thumb Code     0  libinit2.o(.ARM.Collect$$libinit$$00000025)
    __rt_lib_init_user_alloc_1               0x000001e7   Thumb Code     0  libinit2.o(.ARM.Collect$$libinit$$0000000C)
    Inline ARM to Thumb Veneer to __rt_lib_shutdown 0x000001f4   ARM Code       8  libshutdown.o(.ARM.Collect$$libshutdown$$00000000)
    __rt_lib_shutdown                        0x000001fd   Thumb Code     0  libshutdown.o(.ARM.Collect$$libshutdown$$00000000)
    __rt_lib_shutdown_cpp_1                  0x00000201   Thumb Code     0  libshutdown2.o(.ARM.Collect$$libshutdown$$00000002)
    __rt_lib_shutdown_fp_trap_1              0x00000201   Thumb Code     0  libshutdown2.o(.ARM.Collect$$libshutdown$$00000007)
    __rt_lib_shutdown_heap_1                 0x00000201   Thumb Code     0  libshutdown2.o(.ARM.Collect$$libshutdown$$0000000F)
    __rt_lib_shutdown_return                 0x00000201   Thumb Code     0  libshutdown2.o(.ARM.Collect$$libshutdown$$00000010)
    __rt_lib_shutdown_signal_1               0x00000201   Thumb Code     0  libshutdown2.o(.ARM.Collect$$libshutdown$$0000000A)
    __rt_lib_shutdown_stdio_1                0x00000201   Thumb Code     0  libshutdown2.o(.ARM.Collect$$libshutdown$$00000004)
    __rt_lib_shutdown_user_alloc_1           0x00000201   Thumb Code     0  libshutdown2.o(.ARM.Collect$$libshutdown$$0000000C)
    __rt_entry                               0x00000208   ARM Code       0  __rtentry.o(.ARM.Collect$$rtentry$$00000000)
    __rt_entry_presh_1                       0x00000208   ARM Code       0  __rtentry2.o(.ARM.Collect$$rtentry$$00000002)
    __rt_entry_sh                            0x00000208   ARM Code       0  __rtentry4.o(.ARM.Collect$$rtentry$$00000004)
    __rt_entry_li                            0x00000210   ARM Code       0  __rtentry2.o(.ARM.Collect$$rtentry$$0000000A)
    __rt_entry_postsh_1                      0x00000210   ARM Code       0  __rtentry2.o(.ARM.Collect$$rtentry$$00000009)
    __rt_entry_main                          0x00000214   ARM Code       0  __rtentry2.o(.ARM.Collect$$rtentry$$0000000D)
    __rt_entry_postli_1                      0x00000214   ARM Code       0  __rtentry2.o(.ARM.Collect$$rtentry$$0000000C)
    Inline Thumb to ARM Veneer to __rt_exit  0x0000023d   Thumb Code     4  rtexit.o(.ARM.Collect$$rtexit$$00000000)
    __rt_exit                                0x00000240   ARM Code       0  rtexit.o(.ARM.Collect$$rtexit$$00000000)
    __rt_exit_ls                             0x00000244   ARM Code       0  rtexit2.o(.ARM.Collect$$rtexit$$00000003)
    __rt_exit_prels_1                        0x00000244   ARM Code       0  rtexit2.o(.ARM.Collect$$rtexit$$00000002)
    __rt_exit_exit                           0x00000248   ARM Code       0  rtexit2.o(.ARM.Collect$$rtexit$$00000004)
    __user_initial_stackheap                 0x00000250   ARM Code       0  startup.o(.text)
    Inline ARM to Thumb Veneer to strcpy     0x00000270   ARM Code       8  strcpy.o(.text)
    strcpy                                   0x00000279   Thumb Code    74  strcpy.o(.text)
    __aeabi_memcpy                           0x000002c8   ARM Code       0  rt_memcpy.o(.text)
    __rt_memcpy                              0x000002c8   ARM Code     212  rt_memcpy.o(.text)
    _memcpy_lastbytes                        0x0000037c   ARM Code       0  rt_memcpy.o(.text)
    __aeabi_memcpy4                          0x0000039c   ARM Code       0  rt_memcpy_w.o(.text)
    __aeabi_memcpy8                          0x0000039c   ARM Code       0  rt_memcpy_w.o(.text)
    __rt_memcpy_w                            0x0000039c   ARM Code     100  rt_memcpy_w.o(.text)
    _memcpy_lastbytes_aligned                0x000003e8   ARM Code       0  rt_memcpy_w.o(.text)
    __aeabi_memclr                           0x00000400   ARM Code       0  rt_memclr.o(.text)
    __rt_memclr                              0x00000400   ARM Code      64  rt_memclr.o(.text)
    _memset                                  0x00000404   ARM Code       0  rt_memclr.o(.text)
    __aeabi_memclr4                          0x00000440   ARM Code       0  rt_memclr_w.o(.text)
    __aeabi_memclr8                          0x00000440   ARM Code       0  rt_memclr_w.o(.text)
    __rt_memclr_w                            0x00000440   ARM Code      84  rt_memclr_w.o(.text)
    _memset_w                                0x00000444   ARM Code       0  rt_memclr_w.o(.text)
    __aeabi_idiv                             0x00000494   ARM Code       0  aeabi_sdiv.o(.text)
    __aeabi_idivmod                          0x00000494   ARM Code     384  aeabi_sdiv.o(.text)
    __use_two_region_memory                  0x00000615   Thumb Code     2  heapauxi.o(.text)
    __rt_heap_escrow$2region                 0x00000617   Thumb Code     2  heapauxi.o(.text)
    __rt_heap_expand$2region                 0x00000619   Thumb Code     2  heapauxi.o(.text)
    __user_setup_stackheap                   0x0000061c   ARM Code      96  sys_stackheap_outer.o(.text)
    exit                                     0x0000067d   Thumb Code    20  exit.o(.text)
    __user_libspace                          0x00000690   ARM Code      12  libspace.o(.text)
    __user_perproc_libspace                  0x00000690   ARM Code       0  libspace.o(.text)
    __user_perthread_libspace                0x00000690   ARM Code       0  libspace.o(.text)
    Inline ARM to Thumb Veneer to _sys_exit  0x0000069c   ARM Code       8  sys_exit.o(.text)
    _sys_exit                                0x000006a5   Thumb Code     8  sys_exit.o(.text)
    __I$use$semihosting                      0x000006b0   ARM Code       0  use_no_semi.o(.text)
    __use_no_semihosting_swi                 0x000006b0   ARM Code       4  use_no_semi.o(.text)
    __aeabi_uidiv                            0x000006b4   ARM Code       0  aeabi_sdiv.o(.text_udiv)
    __aeabi_uidivmod                         0x000006b4   ARM Code      36  aeabi_sdiv.o(.text_udiv)
    __semihosting_library_function           0x000006b4   ARM Code       0  indicate_semi.o(.text)
    Active_Hall_And_In_Car_Calls_Proc        0x000006d8   ARM Code    1416  appl.o(i.Active_Hall_And_In_Car_Calls_Proc)
    Appl_Data_Retrieve_Para                  0x00000c94   ARM Code     924  std_lib.o(i.Appl_Data_Retrieve_Para)
    Appl_HW_Init                             0x0000103c   ARM Code     320  appl.o(i.Appl_HW_Init)
    Appl_Init                                0x0000117c   ARM Code     248  appl.o(i.Appl_Init)
    Appl_Proc                                0x00001288   ARM Code     164  appl.o(i.Appl_Proc)
    Appl_Reset                               0x00001340   ARM Code     112  appl.o(i.Appl_Reset)
    Appl_Reset_Proc                          0x000013c0   ARM Code     216  appl.o(i.Appl_Reset_Proc)
    Car_Movement_Direction                   0x000014b4   ARM Code     404  appl.o(i.Car_Movement_Direction)
    Check_GPIO_Func                          0x00001674   ARM Code     912  io_lib.o(i.Check_GPIO_Func)
    Check_Move_Condition                     0x00001a04   ARM Code    1356  appl.o(i.Check_Move_Condition)
    Check_Stationary_Door_Opened_State       0x00001fac   ARM Code    1408  appl.o(i.Check_Stationary_Door_Opened_State)
    Check_Stationary_Limit_SW_Floor          0x00002588   ARM Code    1480  appl.o(i.Check_Stationary_Limit_SW_Floor)
    Compute_Floor_Stop_Datas                 0x00002e5c   ARM Code    4008  appl.o(i.Compute_Floor_Stop_Datas)
    Config_Consucc_Bits                      0x00003e04   ARM Code     300  std_lib.o(i.Config_Consucc_Bits)
    Config_Port_Pin_Range_Validate           0x00004430   ARM Code     316  io_lib.o(i.Config_Port_Pin_Range_Validate)
    Cur_Data_ID_Devs_Src_Basic_Oper_Func     0x00004fc0   ARM Code    1224  dev_oper.o(i.Cur_Data_ID_Devs_Src_Basic_Oper_Func)
    Cur_Data_ID_Write_Oper_Func              0x000054a0   ARM Code    1180  dev_oper.o(i.Cur_Data_ID_Write_Oper_Func)
    Data_Dev_Src_Access_Oper_Func            0x00005954   ARM Code     960  dev_oper.o(i.Data_Dev_Src_Access_Oper_Func)
    Data_ID_Set_Para                         0x00005d14   ARM Code     280  std_lib.o(i.Data_ID_Set_Para)
    Data_IDs_Set_Para                        0x00005e58   ARM Code     172  std_lib.o(i.Data_IDs_Set_Para)
    Delay_MS                                 0x00005fa8   ARM Code      64  std_lib.o(i.Delay_MS)
    Delete_Src_Interrupt_Data_Arr_By_Src     0x00005fec   ARM Code     192  isr.o(i.Delete_Src_Interrupt_Data_Arr_By_Src)
    Disable_All_SWs                          0x000060c0   ARM Code      52  sw_lib.o(i.Disable_All_SWs)
    Disable_All_Seg7s                        0x000060f4   ARM Code      52  seg7_lib.o(i.Disable_All_Seg7s)
    Disable_All_UARTs                        0x00006128   ARM Code      64  uart.o(i.Disable_All_UARTs)
    Disable_Ext_Interrupt                    0x00006168   ARM Code     936  isr.o(i.Disable_Ext_Interrupt)
    Disable_Interrupt_Src                    0x00006510   ARM Code     752  isr.o(i.Disable_Interrupt_Src)
    Disp_Elevator_Status                     0x00006800   ARM Code     708  appl.o(i.Disp_Elevator_Status)
    Elevator_FSM_Proc                        0x00006ac4   ARM Code     312  appl.o(i.Elevator_FSM_Proc)
    Enable_Ext_Interrupt                     0x00006c38   ARM Code    1252  isr.o(i.Enable_Ext_Interrupt)
    Enable_Interrupt_Src                     0x0000712c   ARM Code    1208  isr.o(i.Enable_Interrupt_Src)
    Error_Or_Warning_UART_Proc               0x000075fc   ARM Code      64  uart.o(i.Error_Or_Warning_UART_Proc)
    Error_or_Warning_Proc                    0x00007640   ARM Code     140  std_lib.o(i.Error_or_Warning_Proc)
    Ext_Interrupt_0_Proc                     0x000076d4   ARM Code       8  appl.o(i.Ext_Interrupt_0_Proc)
    Ext_Interrupt_1_Proc                     0x000076dc   ARM Code       8  appl.o(i.Ext_Interrupt_1_Proc)
    Ext_Interrupt_2_Proc                     0x000076e4   ARM Code       8  appl.o(i.Ext_Interrupt_2_Proc)
    Ext_Interrupt_3_Proc                     0x000076ec   ARM Code     204  appl.o(i.Ext_Interrupt_3_Proc)
    Ext_Interrupt_Retrieve_Data_Arr          0x000077d4   ARM Code     504  isr.o(i.Ext_Interrupt_Retrieve_Data_Arr)
    FSM_Abnormal_Event_Proc                  0x00007a14   ARM Code    1284  elev_fsm_part_5.o(i.FSM_Abnormal_Event_Proc)
    FSM_Car_Moving_Proc                      0x00007f3c   ARM Code    9952  elev_fsm_part_2.o(i.FSM_Car_Moving_Proc)
    FSM_Compute_Next_Stop_Floor_Proc         0x0000a668   ARM Code     700  elev_fsm_part_5.o(i.FSM_Compute_Next_Stop_Floor_Proc)
    FSM_Decide_Car_Move_Proc                 0x0000a924   ARM Code     776  elev_fsm_part_1.o(i.FSM_Decide_Car_Move_Proc)
    FSM_Idle_Proc                            0x0000ac2c   ARM Code     280  elev_fsm_part_1.o(i.FSM_Idle_Proc)
    FSM_Prepare_Door_Close_Proc              0x0000ad88   ARM Code    2000  elev_fsm_part_4.o(i.FSM_Prepare_Door_Close_Proc)
    FSM_Prepare_Doors_To_Align_Proc          0x0000b594   ARM Code     448  elev_fsm_part_3.o(i.FSM_Prepare_Doors_To_Align_Proc)
    FSM_Prepare_To_Move_Proc                 0x0000b814   ARM Code     824  elev_fsm_part_1.o(i.FSM_Prepare_To_Move_Proc)
    FSM_Prepare_User_Entry_And_Exit_Proc     0x0000bb4c   ARM Code    2436  elev_fsm_part_3.o(i.FSM_Prepare_User_Entry_And_Exit_Proc)
    FSM_StartUp_Proc                         0x0000c4d0   ARM Code    4832  elev_fsm_part_1.o(i.FSM_StartUp_Proc)
    FSM_Trigger_Car_Stop_Proc                0x0000d7fc   ARM Code     448  elev_fsm_part_2.o(i.FSM_Trigger_Car_Stop_Proc)
    FSM_Trigger_Door_Close_Proc              0x0000da6c   ARM Code    1252  elev_fsm_part_4.o(i.FSM_Trigger_Door_Close_Proc)
    FSM_Trigger_Door_Open_Proc               0x0000dfbc   ARM Code    1240  elev_fsm_part_3.o(i.FSM_Trigger_Door_Open_Proc)
    FSM_Trigger_Move_Down_Proc               0x0000e558   ARM Code     440  elev_fsm_part_1.o(i.FSM_Trigger_Move_Down_Proc)
    FSM_Trigger_Move_Up_Proc                 0x0000e79c   ARM Code     440  elev_fsm_part_1.o(i.FSM_Trigger_Move_Up_Proc)
    FSM_User_Entry_And_Exit_Proc             0x0000e9e0   ARM Code    1620  elev_fsm_part_3.o(i.FSM_User_Entry_And_Exit_Proc)
    FSM_Wait_For_Door_Close_To_Start_Open_Proc 0x0000f034   ARM Code     968  elev_fsm_part_5.o(i.FSM_Wait_For_Door_Close_To_Start_Open_Proc)
    FSM_Wait_Till_Car_Stopped_Proc           0x0000f3fc   ARM Code     800  elev_fsm_part_2.o(i.FSM_Wait_Till_Car_Stopped_Proc)
    FSM_Wait_Till_Door_Closed_Proc           0x0000f71c   ARM Code    4040  elev_fsm_part_4.o(i.FSM_Wait_Till_Door_Closed_Proc)
    FSM_Wait_Till_Door_Opened_Proc           0x000106e4   ARM Code    2064  elev_fsm_part_3.o(i.FSM_Wait_Till_Door_Opened_Proc)
    FSM_Wait_Till_Door_Start_Close_Proc      0x00010f24   ARM Code    3180  elev_fsm_part_4.o(i.FSM_Wait_Till_Door_Start_Close_Proc)
    FSM_Wait_Till_Door_Start_Open_Proc       0x00011bb8   ARM Code    2060  elev_fsm_part_3.o(i.FSM_Wait_Till_Door_Start_Open_Proc)
    FSM_Wait_Till_Doors_Aligned_Proc         0x00012400   ARM Code    2024  elev_fsm_part_3.o(i.FSM_Wait_Till_Doors_Aligned_Proc)
    FSM_Wait_Till_Doors_Unaligned_Proc       0x00012bf4   ARM Code    2016  elev_fsm_part_5.o(i.FSM_Wait_Till_Doors_Unaligned_Proc)
    FSM_Wait_Till_Start_Oper_Proc            0x000133d4   ARM Code    1348  elev_fsm_part_1.o(i.FSM_Wait_Till_Start_Oper_Proc)
    IO_Ch_Func_Reset                         0x00013c94   ARM Code     748  io_lib.o(i.IO_Ch_Func_Reset)
    IO_Ch_To_SW_Ch                           0x00013f80   ARM Code     216  sw_lib.o(i.IO_Ch_To_SW_Ch)
    IO_Ch_Validate                           0x000140a4   ARM Code     468  io_lib.o(i.IO_Ch_Validate)
    IO_Channel_Read                          0x000142f8   ARM Code     192  io_lib.o(i.IO_Channel_Read)
    IO_Channel_Write                         0x000143cc   ARM Code     416  io_lib.o(i.IO_Channel_Write)
    IO_Channels_Func_Set                     0x0001459c   ARM Code    1040  io_lib.o(i.IO_Channels_Func_Set)
    ISR_Ext_Interrupt_0                      0x000149c4   ARM Code     260  isr.o(i.ISR_Ext_Interrupt_0)
    ISR_Ext_Interrupt_1                      0x00014ae4   ARM Code     260  isr.o(i.ISR_Ext_Interrupt_1)
    ISR_Ext_Interrupt_2                      0x00014c04   ARM Code     260  isr.o(i.ISR_Ext_Interrupt_2)
    ISR_Ext_Interrupt_3                      0x00014d24   ARM Code     260  isr.o(i.ISR_Ext_Interrupt_3)
    ISR_Timer_0                              0x00014e44   ARM Code     188  timer.o(i.ISR_Timer_0)
    ISR_Timer_1                              0x00014f20   ARM Code     472  timer.o(i.ISR_Timer_1)
    Internal_Error_Elevator_Proc             0x00015120   ARM Code     472  appl.o(i.Internal_Error_Elevator_Proc)
    Next_Data_Conf_Parameter                 0x00015340   ARM Code     192  std_lib.o(i.Next_Data_Conf_Parameter)
    Non_GPIO_Func_Set                        0x00015424   ARM Code     280  io_lib.o(i.Non_GPIO_Func_Set)
    Num_Convert                              0x0001555c   ARM Code     132  std_lib.o(i.Num_Convert)
    Output_Dev_Init                          0x000155fc   ARM Code     168  io_lib.o(i.Output_Dev_Init)
    Poll_Hall_And_In_Car_Floor_Calls_Proc    0x0001571c   ARM Code     928  appl.o(i.Poll_Hall_And_In_Car_Floor_Calls_Proc)
    Port_Write                               0x00015abc   ARM Code     392  io_lib.o(i.Port_Write)
    Power_Of                                 0x00015c80   ARM Code      60  std_lib.o(i.Power_Of)
    Print                                    0x00015cbc   ARM Code     676  uart.o(i.Print)
    Put_Char                                 0x00015f60   ARM Code     152  uart.o(i.Put_Char)
    Put_Str                                  0x0001600c   ARM Code     348  uart.o(i.Put_Str)
    Reset_Data_ID_Status                     0x000161a0   ARM Code     304  std_lib.o(i.Reset_Data_ID_Status)
    Reset_Data_IDs_Status                    0x000162f0   ARM Code      32  std_lib.o(i.Reset_Data_IDs_Status)
    Reset_Elevator_Datas                     0x00016314   ARM Code     304  appl.o(i.Reset_Elevator_Datas)
    Reset_IO_Chs                             0x00016464   ARM Code      20  io_lib.o(i.Reset_IO_Chs)
    Reset_Ports                              0x00016478   ARM Code     104  io_lib.o(i.Reset_Ports)
    Reset_Process                            0x000164f0   ARM Code     176  main.o(i.Reset_Process)
    Reset_SW_Ch                              0x000165a4   ARM Code     172  sw_lib.o(i.Reset_SW_Ch)
    Reset_SW_Chs                             0x0001666c   ARM Code      64  sw_lib.o(i.Reset_SW_Chs)
    Reset_Src_Interrupt_Data_Arr             0x000166b4   ARM Code     200  isr.o(i.Reset_Src_Interrupt_Data_Arr)
    SW_Allow_Access                          0x00016790   ARM Code     104  sw_lib.o(i.SW_Allow_Access)
    SW_Ch_ID_Check_And_Alloc                 0x00016810   ARM Code     800  sw_lib.o(i.SW_Ch_ID_Check_And_Alloc)
    SW_Ch_UnConfig_By_IO_Ch                  0x00016b30   ARM Code     132  sw_lib.o(i.SW_Ch_UnConfig_By_IO_Ch)
    SW_DeInit                                0x00016c8c   ARM Code     252  sw_lib.o(i.SW_DeInit)
    SW_Disable                               0x00016da8   ARM Code     108  sw_lib.o(i.SW_Disable)
    SW_Enable                                0x00016e28   ARM Code     104  sw_lib.o(i.SW_Enable)
    SW_Init                                  0x00016ea8   ARM Code     464  sw_lib.o(i.SW_Init)
    SW_No_Access                             0x000170c4   ARM Code     104  sw_lib.o(i.SW_No_Access)
    SW_Oper                                  0x00017140   ARM Code     852  sw_lib.o(i.SW_Oper)
    SW_Para_Init                             0x00017494   ARM Code     264  sw_lib.o(i.SW_Para_Init)
    SW_Present_State_By_IO_Ch                0x000175bc   ARM Code     360  sw_lib.o(i.SW_Present_State_By_IO_Ch)
    SW_Press_Proc                            0x0001775c   ARM Code    1184  sw_lib.o(i.SW_Press_Proc)
    SW_Read                                  0x00017c14   ARM Code     248  sw_lib.o(i.SW_Read)
    SW_Time_Delay                            0x00017d38   ARM Code      44  std_lib.o(i.SW_Time_Delay)
    Search_Src_Interrupt_Data_Arr_By_Src     0x00017d64   ARM Code     176  isr.o(i.Search_Src_Interrupt_Data_Arr_By_Src)
    Search_Src_Interrupt_Data_Arr_Free_Index 0x00017e28   ARM Code     148  isr.o(i.Search_Src_Interrupt_Data_Arr_Free_Index)
    Seg7_Allow_Access                        0x00017ed0   ARM Code      72  seg7_lib.o(i.Seg7_Allow_Access)
    Seg7_DeInit                              0x00017f20   ARM Code     348  seg7_lib.o(i.Seg7_DeInit)
    Seg7_Disable                             0x000180a8   ARM Code      72  seg7_lib.o(i.Seg7_Disable)
    Seg7_Enable                              0x000180f8   ARM Code      72  seg7_lib.o(i.Seg7_Enable)
    Seg7_Init                                0x00018148   ARM Code     448  seg7_lib.o(i.Seg7_Init)
    Seg7_No_Access                           0x00018334   ARM Code      88  seg7_lib.o(i.Seg7_No_Access)
    Seg7_Write                               0x00018394   ARM Code    3236  seg7_lib.o(i.Seg7_Write)
    Set_Status_Reset_Data_IDs                0x00019050   ARM Code     108  std_lib.o(i.Set_Status_Reset_Data_IDs)
    Str_Len                                  0x000190cc   ARM Code      96  std_lib.o(i.Str_Len)
    Str_to_Num_Conv                          0x0001913c   ARM Code     408  std_lib.o(i.Str_to_Num_Conv)
    Stream_Flush                             0x000192fc   ARM Code      88  std_lib.o(i.Stream_Flush)
    Test_Consucc_Bits                        0x000193ec   ARM Code     412  std_lib.o(i.Test_Consucc_Bits)
    Timer_0_Timeout_Proc                     0x000195a4   ARM Code     292  appl.o(i.Timer_0_Timeout_Proc)
    Timer_1_Timeout_Proc                     0x000196f0   ARM Code     292  appl.o(i.Timer_1_Timeout_Proc)
    Timer_Interrupt_Retrieve_Data_Arr        0x0001983c   ARM Code     760  timer.o(i.Timer_Interrupt_Retrieve_Data_Arr)
    Timer_Pause                              0x00019b34   ARM Code     608  timer.o(i.Timer_Pause)
    Timer_Resume                             0x00019d94   ARM Code     804  timer.o(i.Timer_Resume)
    Timer_Run                                0x0001a0b8   ARM Code    2096  timer.o(i.Timer_Run)
    Timer_Stop                               0x0001a8e8   ARM Code     604  timer.o(i.Timer_Stop)
    UART_Allow_Access                        0x0001abcc   ARM Code      92  uart.o(i.UART_Allow_Access)
    UART_DeInit                              0x0001ac3c   ARM Code     468  uart.o(i.UART_DeInit)
    UART_Disable                             0x0001ae48   ARM Code      92  uart.o(i.UART_Disable)
    UART_Enable                              0x0001aeb8   ARM Code      92  uart.o(i.UART_Enable)
    UART_Init                                0x0001af28   ARM Code     768  uart.o(i.UART_Init)
    UART_No_Access                           0x0001b228   ARM Code     100  uart.o(i.UART_No_Access)
    UART_Receive_Char                        0x0001b2a0   ARM Code     840  uart.o(i.UART_Receive_Char)
    UART_Receive_Enable_Ctrl                 0x0001b5e8   ARM Code     156  uart.o(i.UART_Receive_Enable_Ctrl)
    UART_Reset_Status                        0x0001b698   ARM Code     280  uart.o(i.UART_Reset_Status)
    UART_Transmit                            0x0001b7d0   ARM Code    1116  uart.o(i.UART_Transmit)
    UART_Transmit_Char                       0x0001bc50   ARM Code     244  uart.o(i.UART_Transmit_Char)
    UART_Transmit_Enable_Ctrl                0x0001bd6c   ARM Code     156  uart.o(i.UART_Transmit_Enable_Ctrl)
    UART_Transmit_Num                        0x0001be28   ARM Code    1300  uart.o(i.UART_Transmit_Num)
    UART_Transmit_Str                        0x0001c36c   ARM Code     208  uart.o(i.UART_Transmit_Str)
    Validate_Floor                           0x0001c464   ARM Code      88  appl.o(i.Validate_Floor)
    main                                     0x0001c4cc   ARM Code      80  main.o(i.main)
    io_port_set_ptr                          0x0001c534   Data           8  io_lib.o(.constdata)
    io_port_clr_ptr                          0x0001c53c   Data           8  io_lib.o(.constdata)
    io_port_pin_ptr                          0x0001c544   Data           8  io_lib.o(.constdata)
    data_id_ctrl_para                        0x0001c54c   Data           7  main.o(.constdata)
    data_ids_dev_srcs                        0x0001c553   Data          13  main.o(.constdata)
    tmr_mcr_ptr                              0x0001c5a0   Data           8  timer.o(.constdata)
    Region$$Table$$Base                      0x0001c62c   Number         0  anon$$obj.o(Region$$Table)
    Region$$Table$$Limit                     0x0001c64c   Number         0  anon$$obj.o(Region$$Table)
    appl_status_flag                         0x40000000   Data           4  appl.o(.data)
    Dev_Oper_Func_Table                      0x40000008   Data         520  dev_oper.o(.data)
    Comm_Dev_Spec_Oper_Enable_Ctrl_Func_Table 0x40000210   Data          32  dev_oper.o(.data)
    limit_sw_up_arr                          0x40000230   Data           5  elev_fsm_part_1.o(.data)
    limit_sw_down_arr                        0x40000235   Data           5  elev_fsm_part_1.o(.data)
    in_car_call_arr                          0x4000023a   Data           5  elev_fsm_part_1.o(.data)
    hall_call_up_arr                         0x4000023f   Data           5  elev_fsm_part_1.o(.data)
    hall_call_down_arr                       0x40000244   Data           5  elev_fsm_part_1.o(.data)
    Elevator_FSM_Proc_Func_Ptr               0x4000024c   Data         100  elev_fsm_part_1.o(.data)
    default_port_mask                        0x400002d0   Data           8  io_lib.o(.data)
    enable_interrupt_req_src_bitfield        0x400002d8   Data           4  isr.o(.data)
    isr_vector_irq_alloc                     0x400002dc   Data           2  isr.o(.data)
    Ext_Intp_Event_Func_Ptr_Proc             0x400002e0   Data          16  isr.o(.data)
    seg7_ctrl                                0x400002f0   Data           3  main.o(.data)
    sw_para                                  0x400002f3   Data          58  main.o(.data)
    gen_comm_ctrl                            0x4000032e   Data           4  main.o(.data)
    uart_ctrl                                0x40000332   Data           4  main.o(.data)
    ext_interrupt_ctrl                       0x40000336   Data           4  main.o(.data)
    timer_or_counter_ctrl                    0x4000033a   Data         132  main.o(.data)
    interrupt_request_ctrl                   0x400003c0   Data         176  main.o(.data)
    disp_trace_num                           0x40000470   Data           8  main.o(.data)
    disp_trace_num_fmt                       0x40000478   Data           1  main.o(.data)
    system_status_flag                       0x4000047c   Data           4  main.o(.data)
    uint32_temp_disp_data                    0x40000480   Data           4  main.o(.data)
    cur_data_id                              0x40000484   Data           1  main.o(.data)
    internal_error_state                     0x40000485   Data           1  std_lib.o(.data)
    timer_or_counter_status                  0x40000490   Data           4  timer.o(.data)
    timer_or_counter_interrupt_data          0x40000494   Data           4  timer.o(.data)
    timer_0_ctrl                             0x40000498   Data           4  timer.o(.data)
    Timer_Timeout_Proc_Func_Ptr              0x4000049c   Data           8  timer.o(.data)
    last_sw_ch_id                            0x400004a4   Data           1  sw_lib.o(.data)
    alloc_dev_ids_ch_id_bit_field            0x400004a8   Data          48  dev_oper.o(.bss)
    elevator_ctrl_and_status                 0x400004d8   Data          21  elev_fsm_part_1.o(.bss)
    src_interrupt_dev_data                   0x400004f0   Data          80  isr.o(.bss)
    data_id_status_para                      0x40000540   Data          24  main.o(.bss)
    uart_status                              0x40000567   Data          10  uart.o(.bss)
    stdout_vt                                0x40000571   Data          34  uart.o(.bss)
    __libspace_start                         0x40000594   Data          96  libspace.o(.bss)
    __temporary_stack_top$libspace           0x400005f4   Data           0  libspace.o(.bss)



==============================================================================

Memory Map of the image

  Image Entry point : 0x00000110

  Load Region LR_IROM1 (Base: 0x00000000, Size: 0x0001caf4, Max: 0x00080000, ABSOLUTE, COMPRESSED[0x0001c818])

    Execution Region ER_IROM1 (Base: 0x00000000, Size: 0x0001c64c, Max: 0x00080000, ABSOLUTE)

    Base Addr    Size         Type   Attr      Idx    E Section Name        Object

    0x00000000   0x00000110   Code   RO            3    RESET               startup.o
    0x00000110   0x00000008   Code   RO         1372  * !!!main             c_t.l(__main.o)
    0x00000118   0x0000003c   Code   RO         1543    !!!scatter          c_t.l(__scatter.o)
    0x00000154   0x0000005c   Code   RO         1541    !!dczerorl2         c_t.l(__dczerorl2.o)
    0x000001b0   0x0000002c   Code   RO         1545    !!handler_zi        c_t.l(__scatter_zi.o)
    0x000001dc   0x00000008   Ven    RO         1409    .ARM.Collect$$libinit$$00000000  c_t.l(libinit.o)
    0x000001e4   0x00000002   Code   RO         1409    .ARM.Collect$$libinit$$00000000  c_t.l(libinit.o)
    0x000001e6   0x00000000   Code   RO         1422    .ARM.Collect$$libinit$$00000002  c_t.l(libinit2.o)
    0x000001e6   0x00000000   Code   RO         1424    .ARM.Collect$$libinit$$00000004  c_t.l(libinit2.o)
    0x000001e6   0x00000000   Code   RO         1427    .ARM.Collect$$libinit$$0000000A  c_t.l(libinit2.o)
    0x000001e6   0x00000000   Code   RO         1429    .ARM.Collect$$libinit$$0000000C  c_t.l(libinit2.o)
    0x000001e6   0x00000000   Code   RO         1431    .ARM.Collect$$libinit$$0000000E  c_t.l(libinit2.o)
    0x000001e6   0x00000000   Code   RO         1434    .ARM.Collect$$libinit$$00000011  c_t.l(libinit2.o)
    0x000001e6   0x00000000   Code   RO         1436    .ARM.Collect$$libinit$$00000013  c_t.l(libinit2.o)
    0x000001e6   0x00000000   Code   RO         1438    .ARM.Collect$$libinit$$00000015  c_t.l(libinit2.o)
    0x000001e6   0x00000000   Code   RO         1440    .ARM.Collect$$libinit$$00000017  c_t.l(libinit2.o)
    0x000001e6   0x00000000   Code   RO         1442    .ARM.Collect$$libinit$$00000019  c_t.l(libinit2.o)
    0x000001e6   0x00000000   Code   RO         1444    .ARM.Collect$$libinit$$0000001B  c_t.l(libinit2.o)
    0x000001e6   0x00000000   Code   RO         1446    .ARM.Collect$$libinit$$0000001D  c_t.l(libinit2.o)
    0x000001e6   0x00000000   Code   RO         1448    .ARM.Collect$$libinit$$0000001F  c_t.l(libinit2.o)
    0x000001e6   0x00000000   Code   RO         1450    .ARM.Collect$$libinit$$00000021  c_t.l(libinit2.o)
    0x000001e6   0x00000000   Code   RO         1452    .ARM.Collect$$libinit$$00000023  c_t.l(libinit2.o)
    0x000001e6   0x00000000   Code   RO         1454    .ARM.Collect$$libinit$$00000025  c_t.l(libinit2.o)
    0x000001e6   0x00000000   Code   RO         1458    .ARM.Collect$$libinit$$0000002C  c_t.l(libinit2.o)
    0x000001e6   0x00000000   Code   RO         1460    .ARM.Collect$$libinit$$0000002E  c_t.l(libinit2.o)
    0x000001e6   0x00000000   Code   RO         1462    .ARM.Collect$$libinit$$00000030  c_t.l(libinit2.o)
    0x000001e6   0x00000000   Code   RO         1464    .ARM.Collect$$libinit$$00000032  c_t.l(libinit2.o)
    0x000001e6   0x0000000c   Code   RO         1465    .ARM.Collect$$libinit$$00000033  c_t.l(libinit2.o)
    0x000001f2   0x00000002   PAD
    0x000001f4   0x00000008   Ven    RO         1498    .ARM.Collect$$libshutdown$$00000000  c_t.l(libshutdown.o)
    0x000001fc   0x00000004   Code   RO         1498    .ARM.Collect$$libshutdown$$00000000  c_t.l(libshutdown.o)
    0x00000200   0x00000000   Code   RO         1524    .ARM.Collect$$libshutdown$$00000002  c_t.l(libshutdown2.o)
    0x00000200   0x00000000   Code   RO         1526    .ARM.Collect$$libshutdown$$00000004  c_t.l(libshutdown2.o)
    0x00000200   0x00000000   Code   RO         1529    .ARM.Collect$$libshutdown$$00000007  c_t.l(libshutdown2.o)
    0x00000200   0x00000000   Code   RO         1532    .ARM.Collect$$libshutdown$$0000000A  c_t.l(libshutdown2.o)
    0x00000200   0x00000000   Code   RO         1534    .ARM.Collect$$libshutdown$$0000000C  c_t.l(libshutdown2.o)
    0x00000200   0x00000000   Code   RO         1537    .ARM.Collect$$libshutdown$$0000000F  c_t.l(libshutdown2.o)
    0x00000200   0x00000006   Code   RO         1538    .ARM.Collect$$libshutdown$$00000010  c_t.l(libshutdown2.o)
    0x00000206   0x00000002   PAD
    0x00000208   0x00000000   Code   RO         1374    .ARM.Collect$$rtentry$$00000000  c_t.l(__rtentry.o)
    0x00000208   0x00000000   Code   RO         1380    .ARM.Collect$$rtentry$$00000002  c_t.l(__rtentry2.o)
    0x00000208   0x00000008   Code   RO         1392    .ARM.Collect$$rtentry$$00000004  c_t.l(__rtentry4.o)
    0x00000210   0x00000000   Code   RO         1382    .ARM.Collect$$rtentry$$00000009  c_t.l(__rtentry2.o)
    0x00000210   0x00000004   Code   RO         1383    .ARM.Collect$$rtentry$$0000000A  c_t.l(__rtentry2.o)
    0x00000214   0x00000000   Code   RO         1385    .ARM.Collect$$rtentry$$0000000C  c_t.l(__rtentry2.o)
    0x00000214   0x00000028   Code   RO         1386    .ARM.Collect$$rtentry$$0000000D  c_t.l(__rtentry2.o)
    0x0000023c   0x00000004   Ven    RO         1413    .ARM.Collect$$rtexit$$00000000  c_t.l(rtexit.o)
    0x00000240   0x00000004   Code   RO         1413    .ARM.Collect$$rtexit$$00000000  c_t.l(rtexit.o)
    0x00000244   0x00000000   Code   RO         1469    .ARM.Collect$$rtexit$$00000002  c_t.l(rtexit2.o)
    0x00000244   0x00000004   Code   RO         1470    .ARM.Collect$$rtexit$$00000003  c_t.l(rtexit2.o)
    0x00000248   0x00000008   Code   RO         1471    .ARM.Collect$$rtexit$$00000004  c_t.l(rtexit2.o)
    0x00000250   0x00000020   Code   RO            4    .text               startup.o
    0x00000270   0x00000008   Ven    RO         1344    .text               c_t.l(strcpy.o)
    0x00000278   0x00000050   Code   RO         1344    .text               c_t.l(strcpy.o)
    0x000002c8   0x000000d4   Code   RO         1346    .text               c_t.l(rt_memcpy.o)
    0x0000039c   0x00000064   Code   RO         1348    .text               c_t.l(rt_memcpy_w.o)
    0x00000400   0x00000040   Code   RO         1350    .text               c_t.l(rt_memclr.o)
    0x00000440   0x00000054   Code   RO         1352    .text               c_t.l(rt_memclr_w.o)
    0x00000494   0x00000180   Code   RO         1354    .text               c_t.l(aeabi_sdiv.o)
    0x00000614   0x00000006   Code   RO         1370    .text               c_t.l(heapauxi.o)
    0x0000061a   0x00000002   PAD
    0x0000061c   0x00000060   Code   RO         1396    .text               c_t.l(sys_stackheap_outer.o)
    0x0000067c   0x00000014   Code   RO         1398    .text               c_t.l(exit.o)
    0x00000690   0x0000000c   Code   RO         1410    .text               c_t.l(libspace.o)
    0x0000069c   0x00000008   Ven    RO         1466    .text               c_t.l(sys_exit.o)
    0x000006a4   0x0000000c   Code   RO         1466    .text               c_t.l(sys_exit.o)
    0x000006b0   0x00000004   Code   RO         1487    .text               c_t.l(use_no_semi.o)
    0x000006b4   0x00000000   Code   RO         1489    .text               c_t.l(indicate_semi.o)
    0x000006b4   0x00000024   Code   RO         1355    .text_udiv          c_t.l(aeabi_sdiv.o)
    0x000006d8   0x000005bc   Code   RO           11    i.Active_Hall_And_In_Car_Calls_Proc  appl.o
    0x00000c94   0x000003a8   Code   RO          856    i.Appl_Data_Retrieve_Para  std_lib.o
    0x0000103c   0x00000140   Code   RO           12    i.Appl_HW_Init      appl.o
    0x0000117c   0x0000010c   Code   RO           13    i.Appl_Init         appl.o
    0x00001288   0x000000b8   Code   RO           14    i.Appl_Proc         appl.o
    0x00001340   0x00000080   Code   RO           15    i.Appl_Reset        appl.o
    0x000013c0   0x000000f4   Code   RO           16    i.Appl_Reset_Proc   appl.o
    0x000014b4   0x000001c0   Code   RO           17    i.Car_Movement_Direction  appl.o
    0x00001674   0x00000390   Code   RO          502    i.Check_GPIO_Func   io_lib.o
    0x00001a04   0x000005a8   Code   RO           18    i.Check_Move_Condition  appl.o
    0x00001fac   0x000005dc   Code   RO           19    i.Check_Stationary_Door_Opened_State  appl.o
    0x00002588   0x000005ec   Code   RO           20    i.Check_Stationary_Limit_SW_Floor  appl.o
    0x00002b74   0x000002e8   Code   RO          857    i.Comm_Error_Proc   std_lib.o
    0x00002e5c   0x00000fa8   Code   RO           21    i.Compute_Floor_Stop_Datas  appl.o
    0x00003e04   0x00000148   Code   RO          858    i.Config_Consucc_Bits  std_lib.o
    0x00003f4c   0x000004e4   Code   RO          503    i.Config_GPIO_Func_Set  io_lib.o
    0x00004430   0x00000168   Code   RO          504    i.Config_Port_Pin_Range_Validate  io_lib.o
    0x00004598   0x000000fc   Code   RO          505    i.Config_Port_Pin_Validate  io_lib.o
    0x00004694   0x0000092c   Code   RO          229    i.Cur_Data_ID_Dev_Src_Basic_Oper_Func  dev_oper.o
    0x00004fc0   0x000004e0   Code   RO          230    i.Cur_Data_ID_Devs_Src_Basic_Oper_Func  dev_oper.o
    0x000054a0   0x000004b4   Code   RO          232    i.Cur_Data_ID_Write_Oper_Func  dev_oper.o
    0x00005954   0x000003c0   Code   RO          233    i.Data_Dev_Src_Access_Oper_Func  dev_oper.o
    0x00005d14   0x00000144   Code   RO          859    i.Data_ID_Set_Para  std_lib.o
    0x00005e58   0x000000c8   Code   RO          860    i.Data_IDs_Set_Para  std_lib.o
    0x00005f20   0x00000088   Code   RO          506    i.Debug_IO_Func_Set_Validate  io_lib.o
    0x00005fa8   0x00000044   Code   RO          861    i.Delay_MS          std_lib.o
    0x00005fec   0x000000d4   Code   RO          625    i.Delete_Src_Interrupt_Data_Arr_By_Src  isr.o
    0x000060c0   0x00000034   Code   RO         1208    i.Disable_All_SWs   sw_lib.o
    0x000060f4   0x00000034   Code   RO          802    i.Disable_All_Seg7s  seg7_lib.o
    0x00006128   0x00000040   Code   RO         1061    i.Disable_All_UARTs  uart.o
    0x00006168   0x000003a8   Code   RO          626    i.Disable_Ext_Interrupt  isr.o
    0x00006510   0x000002f0   Code   RO          627    i.Disable_Interrupt_Src  isr.o
    0x00006800   0x000002c4   Code   RO           23    i.Disp_Elevator_Status  appl.o
    0x00006ac4   0x00000174   Code   RO           24    i.Elevator_FSM_Proc  appl.o
    0x00006c38   0x000004f4   Code   RO          628    i.Enable_Ext_Interrupt  isr.o
    0x0000712c   0x000004d0   Code   RO          629    i.Enable_Interrupt_Src  isr.o
    0x000075fc   0x00000044   Code   RO         1062    i.Error_Or_Warning_UART_Proc  uart.o
    0x00007640   0x00000094   Code   RO          863    i.Error_or_Warning_Proc  std_lib.o
    0x000076d4   0x00000008   Code   RO           25    i.Ext_Interrupt_0_Proc  appl.o
    0x000076dc   0x00000008   Code   RO           26    i.Ext_Interrupt_1_Proc  appl.o
    0x000076e4   0x00000008   Code   RO           27    i.Ext_Interrupt_2_Proc  appl.o
    0x000076ec   0x000000e8   Code   RO           28    i.Ext_Interrupt_3_Proc  appl.o
    0x000077d4   0x00000240   Code   RO          630    i.Ext_Interrupt_Retrieve_Data_Arr  isr.o
    0x00007a14   0x00000528   Code   RO          472    i.FSM_Abnormal_Event_Proc  elev_fsm_part_5.o
    0x00007f3c   0x0000272c   Code   RO          366    i.FSM_Car_Moving_Proc  elev_fsm_part_2.o
    0x0000a668   0x000002bc   Code   RO          473    i.FSM_Compute_Next_Stop_Floor_Proc  elev_fsm_part_5.o
    0x0000a924   0x00000308   Code   RO          307    i.FSM_Decide_Car_Move_Proc  elev_fsm_part_1.o
    0x0000ac2c   0x0000015c   Code   RO          308    i.FSM_Idle_Proc     elev_fsm_part_1.o
    0x0000ad88   0x0000080c   Code   RO          441    i.FSM_Prepare_Door_Close_Proc  elev_fsm_part_4.o
    0x0000b594   0x00000280   Code   RO          391    i.FSM_Prepare_Doors_To_Align_Proc  elev_fsm_part_3.o
    0x0000b814   0x00000338   Code   RO          309    i.FSM_Prepare_To_Move_Proc  elev_fsm_part_1.o
    0x0000bb4c   0x00000984   Code   RO          392    i.FSM_Prepare_User_Entry_And_Exit_Proc  elev_fsm_part_3.o
    0x0000c4d0   0x0000132c   Code   RO          310    i.FSM_StartUp_Proc  elev_fsm_part_1.o
    0x0000d7fc   0x00000270   Code   RO          367    i.FSM_Trigger_Car_Stop_Proc  elev_fsm_part_2.o
    0x0000da6c   0x00000550   Code   RO          442    i.FSM_Trigger_Door_Close_Proc  elev_fsm_part_4.o
    0x0000dfbc   0x0000059c   Code   RO          393    i.FSM_Trigger_Door_Open_Proc  elev_fsm_part_3.o
    0x0000e558   0x00000244   Code   RO          311    i.FSM_Trigger_Move_Down_Proc  elev_fsm_part_1.o
    0x0000e79c   0x00000244   Code   RO          312    i.FSM_Trigger_Move_Up_Proc  elev_fsm_part_1.o
    0x0000e9e0   0x00000654   Code   RO          394    i.FSM_User_Entry_And_Exit_Proc  elev_fsm_part_3.o
    0x0000f034   0x000003c8   Code   RO          474    i.FSM_Wait_For_Door_Close_To_Start_Open_Proc  elev_fsm_part_5.o
    0x0000f3fc   0x00000320   Code   RO          368    i.FSM_Wait_Till_Car_Stopped_Proc  elev_fsm_part_2.o
    0x0000f71c   0x00000fc8   Code   RO          443    i.FSM_Wait_Till_Door_Closed_Proc  elev_fsm_part_4.o
    0x000106e4   0x00000840   Code   RO          395    i.FSM_Wait_Till_Door_Opened_Proc  elev_fsm_part_3.o
    0x00010f24   0x00000c94   Code   RO          444    i.FSM_Wait_Till_Door_Start_Close_Proc  elev_fsm_part_4.o
    0x00011bb8   0x00000848   Code   RO          396    i.FSM_Wait_Till_Door_Start_Open_Proc  elev_fsm_part_3.o
    0x00012400   0x000007f4   Code   RO          397    i.FSM_Wait_Till_Doors_Aligned_Proc  elev_fsm_part_3.o
    0x00012bf4   0x000007e0   Code   RO          475    i.FSM_Wait_Till_Doors_Unaligned_Proc  elev_fsm_part_5.o
    0x000133d4   0x000005a8   Code   RO          313    i.FSM_Wait_Till_Start_Oper_Proc  elev_fsm_part_1.o
    0x0001397c   0x000002ac   Code   RO          507    i.GPIO_Func_Set     io_lib.o
    0x00013c28   0x0000006c   Code   RO          729    i.HW_Init           main.o
    0x00013c94   0x000002ec   Code   RO          508    i.IO_Ch_Func_Reset  io_lib.o
    0x00013f80   0x00000124   Code   RO         1209    i.IO_Ch_To_SW_Ch    sw_lib.o
    0x000140a4   0x00000254   Code   RO          509    i.IO_Ch_Validate    io_lib.o
    0x000142f8   0x000000d4   Code   RO          510    i.IO_Channel_Read   io_lib.o
    0x000143cc   0x000001d0   Code   RO          511    i.IO_Channel_Write  io_lib.o
    0x0001459c   0x00000428   Code   RO          512    i.IO_Channels_Func_Set  io_lib.o
    0x000149c4   0x00000120   Code   RO          631    i.ISR_Ext_Interrupt_0  isr.o
    0x00014ae4   0x00000120   Code   RO          632    i.ISR_Ext_Interrupt_1  isr.o
    0x00014c04   0x00000120   Code   RO          633    i.ISR_Ext_Interrupt_2  isr.o
    0x00014d24   0x00000120   Code   RO          634    i.ISR_Ext_Interrupt_3  isr.o
    0x00014e44   0x000000dc   Code   RO          994    i.ISR_Timer_0       timer.o
    0x00014f20   0x00000200   Code   RO          995    i.ISR_Timer_1       timer.o
    0x00015120   0x00000220   Code   RO           29    i.Internal_Error_Elevator_Proc  appl.o
    0x00015340   0x000000e4   Code   RO          864    i.Next_Data_Conf_Parameter  std_lib.o
    0x00015424   0x00000138   Code   RO          513    i.Non_GPIO_Func_Set  io_lib.o
    0x0001555c   0x000000a0   Code   RO          865    i.Num_Convert       std_lib.o
    0x000155fc   0x000000b8   Code   RO          515    i.Output_Dev_Init   io_lib.o
    0x000156b4   0x00000068   Code   RO          730    i.PLL_Init          main.o
    0x0001571c   0x000003a0   Code   RO           30    i.Poll_Hall_And_In_Car_Floor_Calls_Proc  appl.o
    0x00015abc   0x000001c4   Code   RO          517    i.Port_Write        io_lib.o
    0x00015c80   0x0000003c   Code   RO          866    i.Power_Of          std_lib.o
    0x00015cbc   0x000002a4   Code   RO         1063    i.Print             uart.o
    0x00015f60   0x000000ac   Code   RO         1064    i.Put_Char          uart.o
    0x0001600c   0x00000194   Code   RO         1065    i.Put_Str           uart.o
    0x000161a0   0x00000150   Code   RO          867    i.Reset_Data_ID_Status  std_lib.o
    0x000162f0   0x00000024   Code   RO          868    i.Reset_Data_IDs_Status  std_lib.o
    0x00016314   0x00000150   Code   RO           31    i.Reset_Elevator_Datas  appl.o
    0x00016464   0x00000014   Code   RO          518    i.Reset_IO_Chs      io_lib.o
    0x00016478   0x00000078   Code   RO          519    i.Reset_Ports       io_lib.o
    0x000164f0   0x000000b4   Code   RO          731    i.Reset_Process     main.o
    0x000165a4   0x000000c8   Code   RO         1210    i.Reset_SW_Ch       sw_lib.o
    0x0001666c   0x00000048   Code   RO         1211    i.Reset_SW_Chs      sw_lib.o
    0x000166b4   0x000000dc   Code   RO          637    i.Reset_Src_Interrupt_Data_Arr  isr.o
    0x00016790   0x00000080   Code   RO         1212    i.SW_Allow_Access   sw_lib.o
    0x00016810   0x00000320   Code   RO         1213    i.SW_Ch_ID_Check_And_Alloc  sw_lib.o
    0x00016b30   0x00000094   Code   RO         1215    i.SW_Ch_UnConfig_By_IO_Ch  sw_lib.o
    0x00016bc4   0x000000c8   Code   RO         1216    i.SW_Ch_Validate    sw_lib.o
    0x00016c8c   0x0000011c   Code   RO         1217    i.SW_DeInit         sw_lib.o
    0x00016da8   0x00000080   Code   RO         1218    i.SW_Disable        sw_lib.o
    0x00016e28   0x00000080   Code   RO         1219    i.SW_Enable         sw_lib.o
    0x00016ea8   0x0000021c   Code   RO         1220    i.SW_Init           sw_lib.o
    0x000170c4   0x0000007c   Code   RO         1221    i.SW_No_Access      sw_lib.o
    0x00017140   0x00000354   Code   RO         1222    i.SW_Oper           sw_lib.o
    0x00017494   0x00000128   Code   RO         1223    i.SW_Para_Init      sw_lib.o
    0x000175bc   0x000001a0   Code   RO         1224    i.SW_Present_State_By_IO_Ch  sw_lib.o
    0x0001775c   0x000004b8   Code   RO         1225    i.SW_Press_Proc     sw_lib.o
    0x00017c14   0x00000124   Code   RO         1226    i.SW_Read           sw_lib.o
    0x00017d38   0x0000002c   Code   RO          869    i.SW_Time_Delay     std_lib.o
    0x00017d64   0x000000c4   Code   RO          638    i.Search_Src_Interrupt_Data_Arr_By_Src  isr.o
    0x00017e28   0x000000a8   Code   RO          639    i.Search_Src_Interrupt_Data_Arr_Free_Index  isr.o
    0x00017ed0   0x00000050   Code   RO          803    i.Seg7_Allow_Access  seg7_lib.o
    0x00017f20   0x00000188   Code   RO          804    i.Seg7_DeInit       seg7_lib.o
    0x000180a8   0x00000050   Code   RO          805    i.Seg7_Disable      seg7_lib.o
    0x000180f8   0x00000050   Code   RO          806    i.Seg7_Enable       seg7_lib.o
    0x00018148   0x000001ec   Code   RO          807    i.Seg7_Init         seg7_lib.o
    0x00018334   0x00000060   Code   RO          808    i.Seg7_No_Access    seg7_lib.o
    0x00018394   0x00000cbc   Code   RO          809    i.Seg7_Write        seg7_lib.o
    0x00019050   0x0000007c   Code   RO          870    i.Set_Status_Reset_Data_IDs  std_lib.o
    0x000190cc   0x00000070   Code   RO          871    i.Str_Len           std_lib.o
    0x0001913c   0x000001c0   Code   RO          872    i.Str_to_Num_Conv   std_lib.o
    0x000192fc   0x00000068   Code   RO          873    i.Stream_Flush      std_lib.o
    0x00019364   0x00000088   Code   RO          732    i.System_Init       main.o
    0x000193ec   0x000001b8   Code   RO          874    i.Test_Consucc_Bits  std_lib.o
    0x000195a4   0x0000014c   Code   RO           32    i.Timer_0_Timeout_Proc  appl.o
    0x000196f0   0x0000014c   Code   RO           33    i.Timer_1_Timeout_Proc  appl.o
    0x0001983c   0x000002f8   Code   RO          997    i.Timer_Interrupt_Retrieve_Data_Arr  timer.o
    0x00019b34   0x00000260   Code   RO          998    i.Timer_Pause       timer.o
    0x00019d94   0x00000324   Code   RO          999    i.Timer_Resume      timer.o
    0x0001a0b8   0x00000830   Code   RO         1000    i.Timer_Run         timer.o
    0x0001a8e8   0x0000025c   Code   RO         1001    i.Timer_Stop        timer.o
    0x0001ab44   0x00000088   Code   RO          520    i.Trace_IO_Func_Set_Validate  io_lib.o
    0x0001abcc   0x00000070   Code   RO         1066    i.UART_Allow_Access  uart.o
    0x0001ac3c   0x0000020c   Code   RO         1067    i.UART_DeInit       uart.o
    0x0001ae48   0x00000070   Code   RO         1068    i.UART_Disable      uart.o
    0x0001aeb8   0x00000070   Code   RO         1069    i.UART_Enable       uart.o
    0x0001af28   0x00000300   Code   RO         1070    i.UART_Init         uart.o
    0x0001b228   0x00000078   Code   RO         1071    i.UART_No_Access    uart.o
    0x0001b2a0   0x00000348   Code   RO         1072    i.UART_Receive_Char  uart.o
    0x0001b5e8   0x000000b0   Code   RO         1073    i.UART_Receive_Enable_Ctrl  uart.o
    0x0001b698   0x00000138   Code   RO         1074    i.UART_Reset_Status  uart.o
    0x0001b7d0   0x00000480   Code   RO         1076    i.UART_Transmit     uart.o
    0x0001bc50   0x0000011c   Code   RO         1077    i.UART_Transmit_Char  uart.o
    0x0001bd6c   0x000000bc   Code   RO         1079    i.UART_Transmit_Enable_Ctrl  uart.o
    0x0001be28   0x00000544   Code   RO         1080    i.UART_Transmit_Num  uart.o
    0x0001c36c   0x000000f8   Code   RO         1081    i.UART_Transmit_Str  uart.o
    0x0001c464   0x00000068   Code   RO           34    i.Validate_Floor    appl.o
    0x0001c4cc   0x00000050   Code   RO          733    i.main              main.o
    0x0001c51c   0x00000002   Data   RO          241    .constdata          dev_oper.o
    0x0001c51e   0x00000002   PAD
    0x0001c520   0x0000002c   Data   RO          521    .constdata          io_lib.o
    0x0001c54c   0x00000014   Data   RO          735    .constdata          main.o
    0x0001c560   0x00000050   Data   RO         1002    .constdata          timer.o
    0x0001c5b0   0x00000038   Data   RO         1083    .constdata          uart.o
    0x0001c5e8   0x00000042   Data   RO          398    .conststring        elev_fsm_part_3.o
    0x0001c62a   0x00000002   PAD
    0x0001c62c   0x00000020   Data   RO         1539    Region$$Table       anon$$obj.o


    Execution Region RW_IRAM1 (Base: 0x40000000, Size: 0x00000a80, Max: 0x00008000, ABSOLUTE, COMPRESSED[0x000001cc])

    Base Addr    Size         Type   Attr      Idx    E Section Name        Object

    0x40000000   0x00000006   Data   RW           35    .data               appl.o
    0x40000006   0x00000002   PAD
    0x40000008   0x00000228   Data   RW          242    .data               dev_oper.o
    0x40000230   0x00000080   Data   RW          315    .data               elev_fsm_part_1.o
    0x400002b0   0x00000010   Data   RW          369    .data               elev_fsm_part_2.o
    0x400002c0   0x00000001   Data   RW          399    .data               elev_fsm_part_3.o
    0x400002c1   0x00000004   Data   RW          445    .data               elev_fsm_part_4.o
    0x400002c5   0x00000003   PAD
    0x400002c8   0x00000010   Data   RW          522    .data               io_lib.o
    0x400002d8   0x00000018   Data   RW          641    .data               isr.o
    0x400002f0   0x00000195   Data   RW          736    .data               main.o
    0x40000485   0x00000002   Data   RW          877    .data               std_lib.o
    0x40000487   0x00000001   PAD
    0x40000488   0x0000001c   Data   RW         1003    .data               timer.o
    0x400004a4   0x00000001   Data   RW         1229    .data               sw_lib.o
    0x400004a5   0x00000003   PAD
    0x400004a8   0x00000030   Zero   RW          240    .bss                dev_oper.o
    0x400004d8   0x00000015   Zero   RW          314    .bss                elev_fsm_part_1.o
    0x400004ed   0x00000003   PAD
    0x400004f0   0x00000050   Zero   RW          640    .bss                isr.o
    0x40000540   0x00000018   Zero   RW          734    .bss                main.o
    0x40000558   0x0000000f   Zero   RW          876    .bss                std_lib.o
    0x40000567   0x0000002c   Zero   RW         1082    .bss                uart.o
    0x40000593   0x00000001   PAD
    0x40000594   0x00000060   Zero   RW         1411    .bss                c_t.l(libspace.o)
    0x400005f4   0x00000004   PAD
    0x400005f8   0x00000000   Zero   RW            2    HEAP                startup.o
    0x400005f8   0x00000488   Zero   RW            1    STACK               startup.o


==============================================================================

Image component sizes


      Code (inc. data)   RO Data    RW Data    ZI Data      Debug   Object Name

     15444       2032          0          6          0      49254   appl.o
      5760        528          2        552         48      11813   dev_oper.o
      9464       2216          0        128         21      16705   elev_fsm_part_1.o
     11452       2056          0         16          0       7995   elev_fsm_part_2.o
     12400       3104         66          1          0      10730   elev_fsm_part_3.o
     10680       2584          0          4          0       7615   elev_fsm_part_4.o
      5004       1188          0          0          0       5171   elev_fsm_part_5.o
      7904        876         44         16          0      17755   io_lib.o
      6712        596          0         24         80      14193   isr.o
       608         28         20        405         24      19888   main.o
      4532        460          0          0          0       7989   seg7_lib.o
       304         60          0          0       1160        564   startup.o
      4840        404          0          2         15      19469   std_lib.o
      6160        892          0          1          0      14616   sw_lib.o
      5604        488         80         28          0       9841   timer.o
      7680        912         56          0         44      24598   uart.o

    ----------------------------------------------------------------------
    114548      18424        304       1192       1396     238196   Object Totals
         0          0         32          0          0          0   (incl. Generated)
         0          0          4          9          4          0   (incl. Padding)

    ----------------------------------------------------------------------

      Code (inc. data)   RO Data    RW Data    ZI Data      Debug   Library Member Name

        92          0          0          0          0          0   __dczerorl2.o
         8          0          0          0          0         68   __main.o
         0          0          0          0          0          0   __rtentry.o
        44          4          0          0          0          0   __rtentry2.o
         8          0          0          0          0          0   __rtentry4.o
        60          8          0          0          0          0   __scatter.o
        44          0          0          0          0          0   __scatter_zi.o
       420          0          0          0          0        148   aeabi_sdiv.o
        20          0          0          0          0         80   exit.o
         6          0          0          0          0        136   heapauxi.o
         0          0          0          0          0          0   indicate_semi.o
        10          0          0          0          0          0   libinit.o
        12          0          0          0          0          0   libinit2.o
        12          0          0          0          0          0   libshutdown.o
         6          0          0          0          0          0   libshutdown2.o
        12          4          0          0         96         68   libspace.o
        64          0          0          0          0         68   rt_memclr.o
        84          0          0          0          0         80   rt_memclr_w.o
       212          0          0          0          0         68   rt_memcpy.o
       100          0          0          0          0         80   rt_memcpy_w.o
         8          0          0          0          0          0   rtexit.o
        12          0          0          0          0          0   rtexit2.o
        88          6          0          0          0         76   strcpy.o
        20          4          0          0          0         60   sys_exit.o
        96          0          0          0          0         80   sys_stackheap_outer.o
         4          0          0          0          0         68   use_no_semi.o

    ----------------------------------------------------------------------
      1448         26          0          0        100       1080   Library Totals
         6          0          0          0          4          0   (incl. Padding)

    ----------------------------------------------------------------------

      Code (inc. data)   RO Data    RW Data    ZI Data      Debug   Library Name

      1442         26          0          0         96       1080   c_t.l

    ----------------------------------------------------------------------
      1448         26          0          0        100       1080   Library Totals

    ----------------------------------------------------------------------

==============================================================================


      Code (inc. data)   RO Data    RW Data    ZI Data      Debug   

    115996      18450        304       1192       1496     230924   Grand Totals
    115996      18450        304        460       1496     230924   ELF Image Totals (compressed)
    115996      18450        304        460          0          0   ROM Totals

==============================================================================

    Total RO  Size (Code + RO Data)               116300 ( 113.57kB)
    Total RW  Size (RW Data + ZI Data)              2688 (   2.63kB)
    Total ROM Size (Code + RO Data + RW Data)     116760 ( 114.02kB)

==============================================================================

